Microchip MPLAB XC8 Compiler V2.32

Linker command line:

-W-3 --edf=C:\Program Files\Microchip\xc8\v2.32\pic\dat\en_msgs.txt -cn \
  -h+dist/default/production\Slave_0.X.production.sym \
  --cmf=dist/default/production\Slave_0.X.production.cmf -z -Q16F887 \
  -oC:\Users\FERNAN~1\AppData\Local\Temp\xcAse5g.4 --defsym=__MPLAB_BUILD=1 \
  -Mdist/default/production/Slave_0.X.production.map -E1 -ver=XC8 Compiler \
  --acfsm=1493 -ASTACK=0110h-016Fh -pstack=STACK -ACODE=00h-07FFhx4 \
  -ASTRCODE=00h-01FFFh -ASTRING=00h-0FFhx32 -ACONST=00h-0FFhx32 \
  -AENTRY=00h-0FFhx32 -ACOMMON=070h-07Fh -ABANK0=020h-06Fh \
  -ABANK1=0A0h-0EFh -ABANK2=0110h-016Fh -ABANK3=0190h-01EFh \
  -ARAM=020h-06Fh,0A0h-0EFh,0110h-016Fh,0190h-01EFh \
  -AABS1=020h-07Fh,0A0h-0EFh,0110h-016Fh,0190h-01EFh -ASFR0=00h-01Fh \
  -ASFR1=080h-09Fh -ASFR2=0100h-010Fh -ASFR3=0180h-018Fh \
  -ACONFIG=02007h-02008h -DCONFIG=2 -AIDLOC=02000h-02003h -DIDLOC=2 \
  -AEEDATA=00h-0FFh/02100h -peeprom_data=EEDATA -DEEDATA=2 -DCODE=2 \
  -DSTRCODE=2 -DSTRING=2 -DCONST=2 -DENTRY=2 \
  -preset_vec=00h,intentry,init,end_init -ppowerup=CODE -pcinit=CODE \
  -pfunctab=ENTRY -k C:\Users\FERNAN~1\AppData\Local\Temp\xcAse5g.o \
  dist/default/production\Slave_0.X.production.o 

Object code version is 3.11

Machine type is 16F887



                Name                               Link     Load   Length Selector   Space Scale
C:\Users\FERNAN~1\AppData\Local\Temp\xcAse5g.o
                end_init                              0        0        3        0       0
                config                             2007     2007        2        0       4
dist/default/production\Slave_0.X.production.o
                cinit                               7EE      7EE       12      FDC       0
                config                             2007     2007        2        0       4
                text14                              511      511       2C      A22       0
                text13                              443      443        6      886       0
                text12                              471      471       1A      8E2       0
                text11                              455      455        D      8AA       0
                text10                              53D      53D       47      A7A       0
                text9                               584      584       52      B08       0
                text8                               4A8      4A8       1E      950       0
                text7                               4C6      4C6       25      98C       0
                text6                               631      631       67      C62       0
                text5                               5D6      5D6       5B      BAC       0
                text4                               462      462        F      8C4       0
                text3                               449      449        C      892       0
                text2                               4EB      4EB       26      9D6       0
                text1                               48B      48B       1D      916       0
                maintext                            698      698      156      D30       0
                cstackBANK0                          2C       2C        C       20       1
                cstackCOMMON                         70       70        E       70       1
                bssBANK0                             20       20        C       20       1
                strings                               3        3       26        6       0

TOTAL           Name                               Link     Load   Length     Space
        CLASS   STACK          

        CLASS   CODE           
                end_init                              0        0        3         0
                cinit                               7EE      7EE       12         0
                text14                              511      511       2C         0
                text13                              443      443        6         0
                text12                              471      471       1A         0
                text11                              455      455        D         0
                text10                              53D      53D       47         0
                text9                               584      584       52         0
                text8                               4A8      4A8       1E         0
                text7                               4C6      4C6       25         0
                text6                               631      631       67         0
                text5                               5D6      5D6       5B         0
                text4                               462      462        F         0
                text3                               449      449        C         0
                text2                               4EB      4EB       26         0
                text1                               48B      48B       1D         0
                maintext                            698      698      156         0

        CLASS   STRCODE        

        CLASS   STRING         
                strings                               3        3       26         0

        CLASS   CONST          

        CLASS   ENTRY          

        CLASS   COMMON         
                cstackCOMMON                         70       70        E         1

        CLASS   BANK0          
                cstackBANK0                          2C       2C        C         1
                bssBANK0                             20       20        C         1

        CLASS   BANK1          

        CLASS   BANK2          

        CLASS   BANK3          

        CLASS   RAM            

        CLASS   ABS1           
                abs_s1                               7E       7E        2         1

        CLASS   SFR0           

        CLASS   SFR1           

        CLASS   SFR2           

        CLASS   SFR3           

        CLASS   CONFIG         
                config                             2007     2007        2         4

        CLASS   IDLOC          

        CLASS   EEDATA         



SEGMENTS        Name                           Load    Length   Top    Selector   Space  Class     Delta

                reset_vec                      000000  000003  000003         0       0  CODE        2
                strings                        000003  000026  000029         6       0  STRING      2
                bssBANK0                       000020  000018  000038        20       1  BANK0       1
                cstackCOMMON                   000070  00000E  00007E        70       1  COMMON      1
                text13                         000443  000006  000449       886       0  CODE        2
                text3                          000449  00000C  000455       892       0  CODE        2
                text11                         000455  00000D  000462       8AA       0  CODE        2
                text4                          000462  00000F  000471       8C4       0  CODE        2
                text12                         000471  00001A  00048B       8E2       0  CODE        2
                text1                          00048B  00001D  0004A8       916       0  CODE        2
                text8                          0004A8  00001E  0004C6       950       0  CODE        2
                text7                          0004C6  000025  0004EB       98C       0  CODE        2
                text2                          0004EB  000026  000511       9D6       0  CODE        2
                text14                         000511  00002C  00053D       A22       0  CODE        2
                text10                         00053D  000047  000584       A7A       0  CODE        2
                text9                          000584  000052  0005D6       B08       0  CODE        2
                text5                          0005D6  00005B  000631       BAC       0  CODE        2
                text6                          000631  000067  000698       C62       0  CODE        2
                maintext                       000698  000156  0007EE       D30       0  CODE        2
                cinit                          0007EE  000012  000800       FDC       0  CODE        2


UNUSED ADDRESS RANGES

        Name                Unused          Largest block    Delta
        BANK0            0038-006F             38           1
        BANK1            00A0-00EF             50           1
        BANK2            0110-016F             60           1
        BANK3            0190-01EF             60           1
        CODE             0029-0442            41A           2
                         0800-1FFF            800
        CONST            0029-0442            100           2
                         0800-1FFF            100
        EEDATA           2100-21FF            100           2
        ENTRY            0029-0442            100           2
                         0800-1FFF            100
        IDLOC            2000-2003              4           2
        RAM              0038-006F             38           1
                         00A0-00EF             50
                         0110-016F             60
                         0190-01EF             60
        SFR0             0000-001F             20           1
        SFR1             0080-009F             20           1
        SFR2             0100-010F             10           1
        SFR3             0180-018F             10           1
        STACK            0110-016F             60           1
        STRCODE          0029-0442            41A           2
                         0800-1FFF           1800
        STRING           0029-0442            100           2
                         0800-1FFF            100

                                  Symbol Table

?___awdiv                  cstackCOMMON 0070
?___awmod                  cstackCOMMON 0079
DHT11_Read@data            cstackCOMMON 0073
DHT11_Read@i               cstackCOMMON 0072
Lcd_Cmd@a                  cstackCOMMON 0073
Lcd_Port@a                 cstackCOMMON 0070
Lcd_Set_Cursor@a           cstackCOMMON 0077
Lcd_Set_Cursor@b           cstackCOMMON 0074
Lcd_Set_Cursor@temp        cstackCOMMON 007A
Lcd_Set_Cursor@y           cstackCOMMON 0079
Lcd_Set_Cursor@z           cstackCOMMON 0078
Lcd_Write_Char@a           cstackCOMMON 0072
Lcd_Write_Char@temp        cstackCOMMON 0073
Lcd_Write_Char@y           cstackCOMMON 0074
Lcd_Write_String@a         cstackCOMMON 0077
Lcd_Write_String@i         cstackCOMMON 0075
_ADCON0bits                (abs)        001F
_ANSEL                     (abs)        0188
_ANSELH                    (abs)        0189
_DHT11_Read                text14       0511
_GIE                       (abs)        005F
_Humidity                  bssBANK0     0026
_INTCONbits                (abs)        000B
_IOCB                      (abs)        0096
_Lcd_Clear                 text11       0455
_Lcd_Cmd                   text12       0471
_Lcd_Init                  text10       053D
_Lcd_Port                  text13       0443
_Lcd_Set_Cursor            text9        0584
_Lcd_Write_Char            text8        04A8
_Lcd_Write_String          text7        04C6
_OPTION_REGbits            (abs)        0081
_OSCCONbits                (abs)        008F
_PEIE                      (abs)        005E
_PORTA                     (abs)        0005
_PORTAbits                 (abs)        0005
_PORTB                     (abs)        0006
_PORTC                     (abs)        0007
_PORTD                     (abs)        0008
_PORTE                     (abs)        0009
_RE0                       (abs)        0048
_RE1                       (abs)        0049
_RH                        bssBANK0     0025
_RH_Dec                    bssBANK0     002A
_RH_Int                    bssBANK0     0029
_SSPADD                    (abs)        0093
_SSPBUF                    (abs)        0013
_SSPCON                    (abs)        0014
_SSPCON2                   (abs)        0091
_SSPCON2bits               (abs)        0091
_SSPIE                     (abs)        0463
_SSPIF                     (abs)        0063
_SSPSTAT                   (abs)        0094
_TMR0                      (abs)        0001
_TRISA                     (abs)        0085
_TRISB                     (abs)        0086
_TRISC                     (abs)        0087
_TRISC3                    (abs)        043B
_TRISC4                    (abs)        043C
_TRISCbits                 (abs)        0087
_TRISD                     (abs)        0088
_TRISE                     (abs)        0089
_T_Dec                     bssBANK0     0028
_T_Int                     bssBANK0     0027
_WPUB                      (abs)        0095
__Habs1                    abs1         0000
__Hbank0                   bank0        0000
__Hbank1                   bank1        0000
__Hbank2                   bank2        0000
__Hbank3                   bank3        0000
__HbssBANK0                bssBANK0     0000
__Hcinit                   cinit        0800
__Hclrtext                 clrtext      0000
__Hcode                    code         0000
__Hcommon                  common       0000
__Hconfig                  config       2009
__HcstackBANK0             cstackBANK0  0000
__HcstackCOMMON            cstackCOMMON 0000
__Heeprom_data             eeprom_data  0000
__Hend_init                end_init     0003
__Hfunctab                 functab      0000
__Hinit                    init         0000
__Hintentry                intentry     0000
__Hmaintext                maintext     0000
__Hpowerup                 powerup      0000
__Hram                     ram          0000
__Hreset_vec               reset_vec    0000
__Hsfr0                    sfr0         0000
__Hsfr1                    sfr1         0000
__Hsfr2                    sfr2         0000
__Hsfr3                    sfr3         0000
__Hspace_0                 (abs)        0800
__Hspace_1                 (abs)        007E
__Hspace_2                 (abs)        0000
__Hspace_3                 (abs)        0000
__Hspace_4                 (abs)        4010
__Hstack                   stack        0000
__Hstrings                 strings      0000
__Htext                    text         0000
__Labs1                    abs1         0000
__Lbank0                   bank0        0000
__Lbank1                   bank1        0000
__Lbank2                   bank2        0000
__Lbank3                   bank3        0000
__LbssBANK0                bssBANK0     0000
__Lcinit                   cinit        07EE
__Lclrtext                 clrtext      0000
__Lcode                    code         0000
__Lcommon                  common       0000
__Lconfig                  config       0000
__LcstackBANK0             cstackBANK0  0000
__LcstackCOMMON            cstackCOMMON 0000
__Leeprom_data             eeprom_data  0000
__Lend_init                end_init     0000
__Lfunctab                 functab      0000
__Linit                    init         0000
__Lintentry                intentry     0000
__Lmaintext                maintext     0000
__Lpowerup                 powerup      0000
__Lram                     ram          0000
__Lreset_vec               reset_vec    0000
__Lsfr0                    sfr0         0000
__Lsfr1                    sfr1         0000
__Lsfr2                    sfr2         0000
__Lsfr3                    sfr3         0000
__Lspace_0                 (abs)        0000
__Lspace_1                 (abs)        0000
__Lspace_2                 (abs)        0000
__Lspace_3                 (abs)        0000
__Lspace_4                 (abs)        0000
__Lstack                   stack        0000
__Lstrings                 strings      0000
__Ltext                    text         0000
__S0                       (abs)        0800
__S1                       (abs)        007E
__S2                       (abs)        0000
__S3                       (abs)        0000
___awdiv                   text6        0631
___awdiv@counter           cstackCOMMON 0075
___awdiv@dividend          cstackCOMMON 0072
___awdiv@divisor           cstackCOMMON 0070
___awdiv@quotient          cstackCOMMON 0077
___awdiv@sign              cstackCOMMON 0076
___awmod                   text5        05D6
___awmod@counter           cstackBANK0  002C
___awmod@dividend          cstackCOMMON 007B
___awmod@divisor           cstackCOMMON 0079
___awmod@sign              cstackBANK0  002D
___int_sp                  stack        0000
___latbits                 (abs)        0002
___sp                      stack        0000
___stackhi                 (abs)        0000
___stacklo                 (abs)        0000
__end_of_DHT11_Read        text14       053D
__end_of_Lcd_Clear         text11       0462
__end_of_Lcd_Cmd           text12       048B
__end_of_Lcd_Init          text10       0584
__end_of_Lcd_Port          text13       0449
__end_of_Lcd_Set_Cursor    text9        05D6
__end_of_Lcd_Write_Char    text8        04C6
__end_of_Lcd_Write_String  text7        04EB
__end_of___awdiv           text6        0698
__end_of___awmod           text5        0631
__end_of__initialization   cinit        07FC
__end_of__stringtab        strings      0009
__end_of_checkResponse     text4        0471
__end_of_configTMR0        text3        0455
__end_of_initSETUP         text2        0511
__end_of_main              maintext     07EE
__end_of_startRead         text1        04A8
__initialization           cinit        07EE
__pbssBANK0                bssBANK0     0020
__pcstackBANK0             cstackBANK0  002C
__pcstackCOMMON            cstackCOMMON 0070
__pmaintext                maintext     0698
__pstrings                 strings      0003
__ptext1                   text1        048B
__ptext10                  text10       053D
__ptext11                  text11       0455
__ptext12                  text12       0471
__ptext13                  text13       0443
__ptext14                  text14       0511
__ptext2                   text2        04EB
__ptext3                   text3        0449
__ptext4                   text4        0462
__ptext5                   text5        05D6
__ptext6                   text6        0631
__ptext7                   text7        04C6
__ptext8                   text8        04A8
__ptext9                   text9        0584
__size_of_DHT11_Read       (abs)        0000
__size_of_Lcd_Clear        (abs)        0000
__size_of_Lcd_Cmd          (abs)        0000
__size_of_Lcd_Init         (abs)        0000
__size_of_Lcd_Port         (abs)        0000
__size_of_Lcd_Set_Cursor   (abs)        0000
__size_of_Lcd_Write_Char   (abs)        0000
__size_of_Lcd_Write_String (abs)        0000
__size_of___awdiv          (abs)        0000
__size_of___awmod          (abs)        0000
__size_of_checkResponse    (abs)        0000
__size_of_configTMR0       (abs)        0000
__size_of_initSETUP        (abs)        0000
__size_of_main             (abs)        0000
__size_of_startRead        (abs)        0000
__stringbase               strings      0008
__stringtab                strings      0003
_checkResponse             text4        0462
_check_sum                 bssBANK0     0024
_configTMR0                text3        0449
_dec0                      bssBANK0     0022
_dec1                      bssBANK0     0020
_initSETUP                 text2        04EB
_main                      maintext     0698
_startRead                 text1        048B
_unit0                     bssBANK0     0023
_unit1                     bssBANK0     0021
btemp                      (abs)        007E
end_of_initialization      cinit        07FC
intlevel0                  functab      0000
intlevel1                  functab      0000
intlevel2                  functab      0000
intlevel3                  functab      0000
intlevel4                  functab      0000
intlevel5                  functab      0000
reset_vec                  reset_vec    0000
start                      init         0000
start_initialization       cinit        07EE
wtemp0                     (abs)        007E


MODULE INFORMATION

Module		Function		Class		Link	Load	Size
newmain.c
		_main          		CODE           	0698	0000	342
		_configTMR0    		CODE           	0449	0000	12
		_startRead     		CODE           	048B	0000	29
		_checkResponse 		CODE           	0462	0000	15
		_DHT11_Read    		CODE           	0511	0000	44
		_initSETUP     		CODE           	04EB	0000	38

newmain.c estimated size: 480

C:\Program Files\Microchip\xc8\v2.32\pic\sources\c90\common\awmod.c
		___awmod       		CODE           	05D6	0000	91

C:\Program Files\Microchip\xc8\v2.32\pic\sources\c90\common\awmod.c estimated size: 91

shared
		__stringtab    		STRING         	0003	0000	6
		__initialization		CODE           	07EE	0000	14

shared estimated size: 20

C:\Program Files\Microchip\xc8\v2.32\pic\sources\c90\common\awdiv.c
		___awdiv       		CODE           	0631	0000	103

C:\Program Files\Microchip\xc8\v2.32\pic\sources\c90\common\awdiv.c estimated size: 103

LCD.c
		_Lcd_Write_String		CODE           	04C6	0000	37
		_Lcd_Init      		CODE           	053D	0000	71
		_Lcd_Write_Char		CODE           	04A8	0000	30
		_Lcd_Cmd       		CODE           	0471	0000	26
		_Lcd_Set_Cursor		CODE           	0584	0000	82
		_Lcd_Clear     		CODE           	0455	0000	13
		_Lcd_Port      		CODE           	0443	0000	6

LCD.c estimated size: 265

