Microchip MPLAB XC8 Compiler V2.32

Linker command line:

-W-3 --edf=C:\Program Files\Microchip\xc8\v2.32\pic\dat\en_msgs.txt -cn \
  -h+dist/default/production\Slave_1.X.production.sym \
  --cmf=dist/default/production\Slave_1.X.production.cmf -z -Q16F887 \
  -oC:\Users\FERNAN~1\AppData\Local\Temp\xcAshdg.4 --defsym=__MPLAB_BUILD=1 \
  -Mdist/default/production/Slave_1.X.production.map -E1 -ver=XC8 Compiler \
  --acfsm=1493 -ASTACK=0110h-016Fh -pstack=STACK -ACODE=00h-07FFhx4 \
  -ASTRCODE=00h-01FFFh -ASTRING=00h-0FFhx32 -ACONST=00h-0FFhx32 \
  -AENTRY=00h-0FFhx32 -ACOMMON=070h-07Fh -ABANK0=020h-06Fh \
  -ABANK1=0A0h-0EFh -ABANK2=0110h-016Fh -ABANK3=0190h-01EFh \
  -ARAM=020h-06Fh,0A0h-0EFh,0110h-016Fh,0190h-01EFh \
  -AABS1=020h-07Fh,0A0h-0EFh,0110h-016Fh,0190h-01EFh -ASFR0=00h-01Fh \
  -ASFR1=080h-09Fh -ASFR2=0100h-010Fh -ASFR3=0180h-018Fh \
  -ACONFIG=02007h-02008h -DCONFIG=2 -AIDLOC=02000h-02003h -DIDLOC=2 \
  -AEEDATA=00h-0FFh/02100h -peeprom_data=EEDATA -DEEDATA=2 -DCODE=2 \
  -DSTRCODE=2 -DSTRING=2 -DCONST=2 -DENTRY=2 \
  -preset_vec=00h,intentry=04h,init,end_init -ppowerup=CODE -pcinit=CODE \
  -pfunctab=ENTRY -k C:\Users\FERNAN~1\AppData\Local\Temp\xcAshdg.o \
  dist/default/production\Slave_1.X.production.o 

Object code version is 3.11

Machine type is 16F887



                Name                               Link     Load   Length Selector   Space Scale
C:\Users\FERNAN~1\AppData\Local\Temp\xcAshdg.o
                end_init                              C        C        3        8       0
                reset_vec                             0        0        3        0       0
                config                             2007     2007        2        0       4
dist/default/production\Slave_1.X.production.o
                cinit                                 F        F       15        8       0
                intentry                              4        4        8        8       0
                config                             2007     2007        2        0       4
                text16                              CDA      CDA       2E     19B4       0
                text15                              C1E      C1E        6     183C       0
                text14                              C2C      C2C       1A     1858       0
                text13                              7F2      7F2        D        8       0
                text12                              D38      D38       4C     1A70       0
                text11                              D84      D84       58     1B08       0
                text10                              C46      C46       1E     188C       0
                text9                               C88      C88       29     1910       0
                text8                               615      615      1DD        8       0
                text7                               CB1      CB1       29     1962       0
                text6                                24       24      361        8       0
                text5                               385      385      290        8       0
                text4                               C64      C64       24     18C8       0
                text3                               DDC      DDC       7C     1BB8       0
                text2                               E58      E58       BC     1CB0       0
                text1                               D08      D08       30     1A10       0
                maintext                            F14      F14       EC     1E28       0
                cstackBANK0                          20       20       49       20       1
                cstackCOMMON                         70       70        8       70       1
                clrtext                             C24      C24        8     1848       0
                bssBANK1                             A0       A0       14       A0       1
                bssBANK0                             69       69        4       20       1
                bssCOMMON                            78       78        2       70       1
                strings                             800      800       17     1000       0

TOTAL           Name                               Link     Load   Length     Space
        CLASS   STACK          

        CLASS   CODE           
                end_init                              C        C        3         0
                cinit                                 F        F       15         0
                intentry                              4        4        8         0
                reset_vec                             0        0        3         0
                text16                              CDA      CDA       2E         0
                text15                              C1E      C1E        6         0
                text14                              C2C      C2C       1A         0
                text13                              7F2      7F2        D         0
                text12                              D38      D38       4C         0
                text11                              D84      D84       58         0
                text10                              C46      C46       1E         0
                text9                               C88      C88       29         0
                text8                               615      615      1DD         0
                text7                               CB1      CB1       29         0
                text6                                24       24      361         0
                text5                               385      385      290         0
                text4                               C64      C64       24         0
                text3                               DDC      DDC       7C         0
                text2                               E58      E58       BC         0
                text1                               D08      D08       30         0
                maintext                            F14      F14       EC         0
                clrtext                             C24      C24        8         0

        CLASS   STRCODE        

        CLASS   STRING         
                strings                             800      800       17         0

        CLASS   CONST          

        CLASS   ENTRY          

        CLASS   COMMON         
                cstackCOMMON                         70       70        8         1
                bssCOMMON                            78       78        2         1

        CLASS   BANK0          
                cstackBANK0                          20       20       49         1
                bssBANK0                             69       69        4         1

        CLASS   BANK1          
                bssBANK1                             A0       A0       14         1

        CLASS   BANK2          

        CLASS   BANK3          

        CLASS   RAM            

        CLASS   ABS1           
                abs_s1                               7E       7E        2         1

        CLASS   SFR0           

        CLASS   SFR1           

        CLASS   SFR2           

        CLASS   SFR3           

        CLASS   CONFIG         
                config                             2007     2007        2         4

        CLASS   IDLOC          

        CLASS   EEDATA         



SEGMENTS        Name                           Load    Length   Top    Selector   Space  Class     Delta

                reset_vec                      000000  000003  000003         0       0  CODE        2
                intentry                       000004  0007FB  0007FF         8       0  CODE        2
                cstackBANK0                    000020  00004D  00006D        20       1  BANK0       1
                cstackCOMMON                   000070  00000A  00007A        70       1  COMMON      1
                bssBANK1                       0000A0  000014  0000B4        A0       1  BANK1       1
                strings                        000800  000017  000817      1000       0  STRING      2
                text15                         000C1E  000006  000C24      183C       0  CODE        2
                clrtext                        000C24  000008  000C2C      1848       0  CODE        2
                text14                         000C2C  00001A  000C46      1858       0  CODE        2
                text10                         000C46  00001E  000C64      188C       0  CODE        2
                text4                          000C64  000024  000C88      18C8       0  CODE        2
                text9                          000C88  000029  000CB1      1910       0  CODE        2
                text7                          000CB1  000029  000CDA      1962       0  CODE        2
                text16                         000CDA  00002E  000D08      19B4       0  CODE        2
                text1                          000D08  000030  000D38      1A10       0  CODE        2
                text12                         000D38  00004C  000D84      1A70       0  CODE        2
                text11                         000D84  000058  000DDC      1B08       0  CODE        2
                text3                          000DDC  00007C  000E58      1BB8       0  CODE        2
                text2                          000E58  0000BC  000F14      1CB0       0  CODE        2
                maintext                       000F14  0000EC  001000      1E28       0  CODE        2


UNUSED ADDRESS RANGES

        Name                Unused          Largest block    Delta
        BANK0            006D-006F              3           1
        BANK1            00B4-00EF             3C           1
        BANK2            0110-016F             60           1
        BANK3            0190-01EF             60           1
        CODE             0003-0003              1           2
                         07FF-07FF              1
                         0817-0C1D            407
                         1000-1FFF            800
        COMMON           007A-007D              4           1
        CONST            0003-0003              1           2
                         07FF-07FF              1
                         0817-0C1D            100
                         1000-1FFF            100
        EEDATA           2100-21FF            100           2
        ENTRY            0003-0003              1           2
                         07FF-07FF              1
                         0817-0C1D            100
                         1000-1FFF            100
        IDLOC            2000-2003              4           2
        RAM              006D-006F              3           1
                         00B4-00EF             3C
                         0110-016F             60
                         0190-01EF             60
        SFR0             0000-001F             20           1
        SFR1             0080-009F             20           1
        SFR2             0100-010F             10           1
        SFR3             0180-018F             10           1
        STACK            0110-016F             60           1
        STRCODE          0003-0003              1           2
                         07FF-07FF              1
                         0817-0C1D            407
                         1000-1FFF           1000
        STRING           0003-0003              1           2
                         07FF-07FF              1
                         0817-0C1D            100
                         1000-1FFF            100

                                  Symbol Table

?__Umul8_16                cstackCOMMON 0074
?___fladd                  cstackBANK0  0020
?___fldiv                  cstackBANK0  004C
?___flmul                  cstackBANK0  002A
?___flsub                  cstackBANK0  0044
?___fltol                  cstackCOMMON 0074
?___xxtofl                 cstackCOMMON 0074
Lcd_Cmd@a                  cstackCOMMON 0077
Lcd_Port@a                 cstackCOMMON 0074
Lcd_Set_Cursor@a           cstackBANK0  0023
Lcd_Set_Cursor@b           cstackBANK0  0020
Lcd_Set_Cursor@temp        cstackBANK0  0026
Lcd_Set_Cursor@y           cstackBANK0  0025
Lcd_Set_Cursor@z           cstackBANK0  0024
Lcd_Write_Char@a           cstackBANK0  0020
Lcd_Write_Char@temp        cstackBANK0  0021
Lcd_Write_Char@y           cstackBANK0  0022
Lcd_Write_String@a         cstackBANK0  0023
Lcd_Write_String@i         cstackBANK0  0024
_ADCON0bits                (abs)        001F
_ADCON1bits                (abs)        009F
_ADIF                      (abs)        0066
_ADRESH                    (abs)        001E
_ADRESL                    (abs)        009E
_ANSEL                     (abs)        0188
_ANSELH                    (abs)        0189
_GIE                       (abs)        005F
_INTCONbits                (abs)        000B
_LDR                       bssBANK1     00B0
_Lcd_Clear                 text13       07F2
_Lcd_Cmd                   text14       0C2C
_Lcd_Init                  text12       0D38
_Lcd_Port                  text15       0C1E
_Lcd_Set_Cursor            text11       0D84
_Lcd_Write_Char            text10       0C46
_Lcd_Write_String          text9        0C88
_OSCCONbits                (abs)        008F
_PEIE                      (abs)        005E
_PORTA                     (abs)        0005
_PORTB                     (abs)        0006
_PORTC                     (abs)        0007
_PORTD                     (abs)        0008
_PORTE                     (abs)        0009
_RE0                       (abs)        0048
_RE1                       (abs)        0049
_SSPADD                    (abs)        0093
_SSPBUF                    (abs)        0013
_SSPCON                    (abs)        0014
_SSPCON2                   (abs)        0091
_SSPCON2bits               (abs)        0091
_SSPIE                     (abs)        0463
_SSPIF                     (abs)        0063
_SSPSTAT                   (abs)        0094
_TRISA                     (abs)        0085
_TRISB                     (abs)        0086
_TRISC                     (abs)        0087
_TRISC3                    (abs)        043B
_TRISC4                    (abs)        043C
_TRISCbits                 (abs)        0087
_TRISD                     (abs)        0088
_TRISE                     (abs)        0089
__Habs1                    abs1         0000
__Hbank0                   bank0        0000
__Hbank1                   bank1        0000
__Hbank2                   bank2        0000
__Hbank3                   bank3        0000
__HbssBANK0                bssBANK0     0000
__HbssBANK1                bssBANK1     0000
__HbssCOMMON               bssCOMMON    0000
__Hcinit                   cinit        0024
__Hclrtext                 clrtext      0000
__Hcode                    code         0000
__Hcommon                  common       0000
__Hconfig                  config       2009
__HcstackBANK0             cstackBANK0  0000
__HcstackCOMMON            cstackCOMMON 0000
__Heeprom_data             eeprom_data  0000
__Hend_init                end_init     000F
__Hfunctab                 functab      0000
__Hinit                    init         000C
__Hintentry                intentry     000C
__Hmaintext                maintext     0000
__Hpowerup                 powerup      0000
__Hram                     ram          0000
__Hreset_vec               reset_vec    0003
__Hsfr0                    sfr0         0000
__Hsfr1                    sfr1         0000
__Hsfr2                    sfr2         0000
__Hsfr3                    sfr3         0000
__Hspace_0                 (abs)        1000
__Hspace_1                 (abs)        00B4
__Hspace_2                 (abs)        0000
__Hspace_3                 (abs)        0000
__Hspace_4                 (abs)        4010
__Hstack                   stack        0000
__Hstrings                 strings      0000
__Htext                    text         0000
__Labs1                    abs1         0000
__Lbank0                   bank0        0000
__Lbank1                   bank1        0000
__Lbank2                   bank2        0000
__Lbank3                   bank3        0000
__LbssBANK0                bssBANK0     0000
__LbssBANK1                bssBANK1     0000
__LbssCOMMON               bssCOMMON    0000
__Lcinit                   cinit        000F
__Lclrtext                 clrtext      0000
__Lcode                    code         0000
__Lcommon                  common       0000
__Lconfig                  config       0000
__LcstackBANK0             cstackBANK0  0000
__LcstackCOMMON            cstackCOMMON 0000
__Leeprom_data             eeprom_data  0000
__Lend_init                end_init     000C
__Lfunctab                 functab      0000
__Linit                    init         000C
__Lintentry                intentry     0004
__Lmaintext                maintext     0000
__Lpowerup                 powerup      0000
__Lram                     ram          0000
__Lreset_vec               reset_vec    0000
__Lsfr0                    sfr0         0000
__Lsfr1                    sfr1         0000
__Lsfr2                    sfr2         0000
__Lsfr3                    sfr3         0000
__Lspace_0                 (abs)        0000
__Lspace_1                 (abs)        0000
__Lspace_2                 (abs)        0000
__Lspace_3                 (abs)        0000
__Lspace_4                 (abs)        0000
__Lstack                   stack        0000
__Lstrings                 strings      0000
__Ltext                    text         0000
__S0                       (abs)        1000
__S1                       (abs)        00B4
__S2                       (abs)        0000
__S3                       (abs)        0000
__Umul8_16                 text7        0CB1
__Umul8_16@multiplicand    cstackCOMMON 0074
__Umul8_16@multiplier      cstackBANK0  0024
__Umul8_16@product         cstackBANK0  0020
__Umul8_16@word_mpld       cstackBANK0  0022
___fladd                   text5        0385
___fladd@a                 cstackBANK0  0024
___fladd@aexp              cstackCOMMON 0075
___fladd@b                 cstackBANK0  0020
___fladd@bexp              cstackCOMMON 0076
___fladd@grs               cstackCOMMON 0077
___fladd@signs             cstackCOMMON 0074
___fldiv                   text8        0615
___fldiv@a                 cstackBANK0  004C
___fldiv@aexp              cstackBANK0  0065
___fldiv@b                 cstackBANK0  0050
___fldiv@bexp              cstackBANK0  0064
___fldiv@grs               cstackBANK0  0060
___fldiv@new_exp           cstackBANK0  005E
___fldiv@rem               cstackBANK0  0059
___fldiv@sign              cstackBANK0  005D
___flmul                   text6        0024
___flmul@a                 cstackBANK0  002E
___flmul@aexp              cstackBANK0  003C
___flmul@b                 cstackBANK0  002A
___flmul@bexp              cstackBANK0  003D
___flmul@grs               cstackBANK0  0038
___flmul@prod              cstackBANK0  003E
___flmul@sign              cstackBANK0  0037
___flmul@temp              cstackBANK0  0042
___flsub                   text4        0C64
___flsub@a                 cstackBANK0  0044
___flsub@b                 cstackBANK0  0048
___fltol                   text3        0DDC
___fltol@exp1              cstackBANK0  0026
___fltol@f1                cstackCOMMON 0074
___fltol@sign1             cstackBANK0  0025
___int_sp                  stack        0000
___latbits                 (abs)        0002
___sp                      stack        0000
___stackhi                 (abs)        0000
___stacklo                 (abs)        0000
___xxtofl                  text2        0E58
___xxtofl@arg              cstackBANK0  0026
___xxtofl@exp              cstackBANK0  0025
___xxtofl@sign             cstackBANK0  0024
___xxtofl@val              cstackCOMMON 0074
__end_of_Lcd_Clear         text13       07FF
__end_of_Lcd_Cmd           text14       0C46
__end_of_Lcd_Init          text12       0D84
__end_of_Lcd_Port          text15       0C24
__end_of_Lcd_Set_Cursor    text11       0DDC
__end_of_Lcd_Write_Char    text10       0C64
__end_of_Lcd_Write_String  text9        0CB1
__end_of__Umul8_16         text7        0CDA
__end_of___fladd           text5        0615
__end_of___fldiv           text8        07F2
__end_of___flmul           text6        0385
__end_of___flsub           text4        0C88
__end_of___fltol           text3        0E58
__end_of___xxtofl          text2        0F14
__end_of__initialization   cinit        0020
__end_of__stringtab        strings      0806
__end_of_initSETUP         text1        0D38
__end_of_isr               text16       0D08
__end_of_main              maintext     1000
__initialization           cinit        000F
__pbssBANK0                bssBANK0     0069
__pbssBANK1                bssBANK1     00A0
__pbssCOMMON               bssCOMMON    0078
__pcstackBANK0             cstackBANK0  0020
__pcstackCOMMON            cstackCOMMON 0070
__pintentry                intentry     0004
__pmaintext                maintext     0F14
__pstrings                 strings      0800
__ptext1                   text1        0D08
__ptext10                  text10       0C46
__ptext11                  text11       0D84
__ptext12                  text12       0D38
__ptext13                  text13       07F2
__ptext14                  text14       0C2C
__ptext15                  text15       0C1E
__ptext16                  text16       0CDA
__ptext2                   text2        0E58
__ptext3                   text3        0DDC
__ptext4                   text4        0C64
__ptext5                   text5        0385
__ptext6                   text6        0024
__ptext7                   text7        0CB1
__ptext8                   text8        0615
__ptext9                   text9        0C88
__size_of_Lcd_Clear        (abs)        0000
__size_of_Lcd_Cmd          (abs)        0000
__size_of_Lcd_Init         (abs)        0000
__size_of_Lcd_Port         (abs)        0000
__size_of_Lcd_Set_Cursor   (abs)        0000
__size_of_Lcd_Write_Char   (abs)        0000
__size_of_Lcd_Write_String (abs)        0000
__size_of__Umul8_16        (abs)        0000
__size_of___fladd          (abs)        0000
__size_of___fldiv          (abs)        0000
__size_of___flmul          (abs)        0000
__size_of___flsub          (abs)        0000
__size_of___fltol          (abs)        0000
__size_of___xxtofl         (abs)        0000
__size_of_initSETUP        (abs)        0000
__size_of_isr              (abs)        0000
__size_of_main             (abs)        0000
__stringbase               strings      0805
__stringtab                strings      0800
_an_sun                    bssBANK0     0069
_initSETUP                 text1        0D08
_isr                       text16       0CDA
_main                      maintext     0F14
_sun_pot                   bssCOMMON    0078
btemp                      (abs)        007E
clear_ram0                 clrtext      0C24
end_of_initialization      cinit        0020
interrupt_function         intentry     0004
intlevel0                  functab      0000
intlevel1                  functab      0000
intlevel2                  functab      0000
intlevel3                  functab      0000
intlevel4                  functab      0000
intlevel5                  functab      0000
reset_vec                  reset_vec    0000
saved_w                    (abs)        007E
start                      init         000C
start_initialization       cinit        000F
wtemp0                     (abs)        007E


MODULE INFORMATION

Module		Function		Class		Link	Load	Size
C:\Program Files\Microchip\xc8\v2.32\pic\sources\c90\common\sprcadd.c
		___flsub       		CODE           	0C64	0000	36
		___fladd       		CODE           	0385	0000	656

C:\Program Files\Microchip\xc8\v2.32\pic\sources\c90\common\sprcadd.c estimated size: 692

C:\Program Files\Microchip\xc8\v2.32\pic\sources\c90\common\xxtofl.c
		___xxtofl      		CODE           	0E58	0000	188

C:\Program Files\Microchip\xc8\v2.32\pic\sources\c90\common\xxtofl.c estimated size: 188

C:\Program Files\Microchip\xc8\v2.32\pic\sources\c90\common\Umul8_16.c
		__Umul8_16     		CODE           	0CB1	0000	41

C:\Program Files\Microchip\xc8\v2.32\pic\sources\c90\common\Umul8_16.c estimated size: 41

Slave_1_main.c
		_main          		CODE           	0F14	0000	236
		_isr           		CODE           	0CDA	0000	46
		_initSETUP     		CODE           	0D08	0000	48

Slave_1_main.c estimated size: 330

shared
		__stringtab    		STRING         	0800	0000	6
		__initialization		CODE           	000F	0000	17

shared estimated size: 23

C:\Program Files\Microchip\xc8\v2.32\pic\sources\c90\common\sprcmul.c
		___flmul       		CODE           	0024	0000	865

C:\Program Files\Microchip\xc8\v2.32\pic\sources\c90\common\sprcmul.c estimated size: 865

C:\Program Files\Microchip\xc8\v2.32\pic\sources\c90\common\sprcdiv.c
		___fldiv       		CODE           	0615	0000	477

C:\Program Files\Microchip\xc8\v2.32\pic\sources\c90\common\sprcdiv.c estimated size: 477

C:\Program Files\Microchip\xc8\v2.32\pic\sources\c90\common\fltol.c
		___fltol       		CODE           	0DDC	0000	124

C:\Program Files\Microchip\xc8\v2.32\pic\sources\c90\common\fltol.c estimated size: 124

LCD.c
		_Lcd_Write_String		CODE           	0C88	0000	41
		_Lcd_Init      		CODE           	0D38	0000	76
		_Lcd_Write_Char		CODE           	0C46	0000	30
		_Lcd_Cmd       		CODE           	0C2C	0000	26
		_Lcd_Set_Cursor		CODE           	0D84	0000	88
		_Lcd_Clear     		CODE           	07F2	0000	13
		_Lcd_Port      		CODE           	0C1E	0000	6

LCD.c estimated size: 280

