Microchip MPLAB XC8 Compiler V2.32

Linker command line:

-W-3 --edf=C:\Program Files\Microchip\xc8\v2.32\pic\dat\en_msgs.txt -cn \
  -h+dist/default/production\Slave_1.X.production.sym \
  --cmf=dist/default/production\Slave_1.X.production.cmf -z -Q16F887 \
  -oC:\Users\FERNAN~1\AppData\Local\Temp\xcAselc.4 --defsym=__MPLAB_BUILD=1 \
  -Mdist/default/production/Slave_1.X.production.map -E1 -ver=XC8 Compiler \
  --acfsm=1493 -ASTACK=0110h-016Fh -pstack=STACK -ACODE=00h-07FFhx4 \
  -ASTRCODE=00h-01FFFh -ASTRING=00h-0FFhx32 -ACONST=00h-0FFhx32 \
  -AENTRY=00h-0FFhx32 -ACOMMON=070h-07Fh -ABANK0=020h-06Fh \
  -ABANK1=0A0h-0EFh -ABANK2=0110h-016Fh -ABANK3=0190h-01EFh \
  -ARAM=020h-06Fh,0A0h-0EFh,0110h-016Fh,0190h-01EFh \
  -AABS1=020h-07Fh,0A0h-0EFh,0110h-016Fh,0190h-01EFh -ASFR0=00h-01Fh \
  -ASFR1=080h-09Fh -ASFR2=0100h-010Fh -ASFR3=0180h-018Fh \
  -ACONFIG=02007h-02008h -DCONFIG=2 -AIDLOC=02000h-02003h -DIDLOC=2 \
  -AEEDATA=00h-0FFh/02100h -peeprom_data=EEDATA -DEEDATA=2 -DCODE=2 \
  -DSTRCODE=2 -DSTRING=2 -DCONST=2 -DENTRY=2 \
  -preset_vec=00h,intentry=04h,init,end_init -ppowerup=CODE -pcinit=CODE \
  -pfunctab=ENTRY -k C:\Users\FERNAN~1\AppData\Local\Temp\xcAselc.o \
  dist/default/production\Slave_1.X.production.o 

Object code version is 3.11

Machine type is 16F887



                Name                               Link     Load   Length Selector   Space Scale
C:\Users\FERNAN~1\AppData\Local\Temp\xcAselc.o
                end_init                              C        C        3        8       0
                reset_vec                             0        0        3        0       0
                config                             2007     2007        2        0       4
dist/default/production\Slave_1.X.production.o
                cinit                                 F        F       19        8       0
                intentry                              4        4        8        8       0
                config                             2007     2007        2        0       4
                text21                              AF6      AF6       2E     15EC       0
                text20                              A04      A04        6     1408       0
                text19                              A1F      A1F       1C     143E       0
                text18                              A12      A12        D     1424       0
                text17                              BD6      BD6       4C     17AC       0
                text16                              C22      C22       58     1844       0
                text15                              A3B      A3B       1E     1476       0
                text14                              AA4      AA4       29     1548       0
                text13                              611      611      1DD        8       0
                text12                              ACD      ACD       29     159A       0
                text11                               28       28      361        8       0
                text10                              389      389      288        8       0
                text9                               A59      A59       24     14B2       0
                text8                               C7A      C7A       7C     18F4       0
                text7                               CF6      CF6       BC     19EC       0
                text6                               B24      B24       30     1648       0
                text5                               B90      B90       46     1720       0
                text4                               B54      B54       3C     16A8       0
                text3                               A7D      A7D       27     14FA       0
                text2                               7EE      7EE       12        8       0
                text1                               EA5      EA5      15B     1D4A       0
                maintext                            DB2      DB2       F3     1B64       0
                cstackBANK0                          20       20       4A       20       1
                cstackCOMMON                         70       70        6       70       1
                cstackBANK1                          B0       B0        3       A0       1
                clrtext                             A0A      A0A        8     1414       0
                bssBANK1                             A0       A0       10       A0       1
                bssBANK0                             6A       6A        6       20       1
                bssCOMMON                            76       76        4       70       1
                strings                             800      800       2A     1000       0

TOTAL           Name                               Link     Load   Length     Space
        CLASS   STACK          

        CLASS   CODE           
                end_init                              C        C        3         0
                cinit                                 F        F       19         0
                intentry                              4        4        8         0
                reset_vec                             0        0        3         0
                text21                              AF6      AF6       2E         0
                text20                              A04      A04        6         0
                text19                              A1F      A1F       1C         0
                text18                              A12      A12        D         0
                text17                              BD6      BD6       4C         0
                text16                              C22      C22       58         0
                text15                              A3B      A3B       1E         0
                text14                              AA4      AA4       29         0
                text13                              611      611      1DD         0
                text12                              ACD      ACD       29         0
                text11                               28       28      361         0
                text10                              389      389      288         0
                text9                               A59      A59       24         0
                text8                               C7A      C7A       7C         0
                text7                               CF6      CF6       BC         0
                text6                               B24      B24       30         0
                text5                               B90      B90       46         0
                text4                               B54      B54       3C         0
                text3                               A7D      A7D       27         0
                text2                               7EE      7EE       12         0
                text1                               EA5      EA5      15B         0
                maintext                            DB2      DB2       F3         0
                clrtext                             A0A      A0A        8         0

        CLASS   STRCODE        

        CLASS   STRING         
                strings                             800      800       2A         0

        CLASS   CONST          

        CLASS   ENTRY          

        CLASS   COMMON         
                cstackCOMMON                         70       70        6         1
                bssCOMMON                            76       76        4         1

        CLASS   BANK0          
                cstackBANK0                          20       20       4A         1
                bssBANK0                             6A       6A        6         1

        CLASS   BANK1          
                cstackBANK1                          B0       B0        3         1
                bssBANK1                             A0       A0       10         1

        CLASS   BANK2          

        CLASS   BANK3          

        CLASS   RAM            

        CLASS   ABS1           
                abs_s1                               7E       7E        2         1

        CLASS   SFR0           

        CLASS   SFR1           

        CLASS   SFR2           

        CLASS   SFR3           

        CLASS   CONFIG         
                config                             2007     2007        2         4

        CLASS   IDLOC          

        CLASS   EEDATA         



SEGMENTS        Name                           Load    Length   Top    Selector   Space  Class     Delta

                reset_vec                      000000  000003  000003         0       0  CODE        2
                intentry                       000004  0007FC  000800         8       0  CODE        2
                cstackBANK0                    000020  000050  000070        20       1  BANK0       1
                cstackCOMMON                   000070  00000A  00007A        70       1  COMMON      1
                bssBANK1                       0000A0  000013  0000B3        A0       1  BANK1       1
                strings                        000800  00002A  00082A      1000       0  STRING      2
                text20                         000A04  000006  000A0A      1408       0  CODE        2
                clrtext                        000A0A  000008  000A12      1414       0  CODE        2
                text18                         000A12  00000D  000A1F      1424       0  CODE        2
                text19                         000A1F  00001C  000A3B      143E       0  CODE        2
                text15                         000A3B  00001E  000A59      1476       0  CODE        2
                text9                          000A59  000024  000A7D      14B2       0  CODE        2
                text3                          000A7D  000027  000AA4      14FA       0  CODE        2
                text14                         000AA4  000029  000ACD      1548       0  CODE        2
                text12                         000ACD  000029  000AF6      159A       0  CODE        2
                text21                         000AF6  00002E  000B24      15EC       0  CODE        2
                text6                          000B24  000030  000B54      1648       0  CODE        2
                text4                          000B54  00003C  000B90      16A8       0  CODE        2
                text5                          000B90  000046  000BD6      1720       0  CODE        2
                text17                         000BD6  00004C  000C22      17AC       0  CODE        2
                text16                         000C22  000058  000C7A      1844       0  CODE        2
                text8                          000C7A  00007C  000CF6      18F4       0  CODE        2
                text7                          000CF6  0000BC  000DB2      19EC       0  CODE        2
                maintext                       000DB2  0000F3  000EA5      1B64       0  CODE        2
                text1                          000EA5  00015B  001000      1D4A       0  CODE        2


UNUSED ADDRESS RANGES

        Name                Unused          Largest block    Delta
        BANK1            00B3-00EF             3D           1
        BANK2            0110-016F             60           1
        BANK3            0190-01EF             60           1
        CODE             0003-0003              1           2
                         082A-0A03            1DA
                         1000-1FFF            800
        COMMON           007A-007D              4           1
        CONST            0003-0003              1           2
                         082A-0A03            100
                         1000-1FFF            100
        EEDATA           2100-21FF            100           2
        ENTRY            0003-0003              1           2
                         082A-0A03            100
                         1000-1FFF            100
        IDLOC            2000-2003              4           2
        RAM              00B3-00EF             3D           1
                         0110-016F             60
                         0190-01EF             60
        SFR0             0000-001F             20           1
        SFR1             0080-009F             20           1
        SFR2             0100-010F             10           1
        SFR3             0180-018F             10           1
        STACK            0110-016F             60           1
        STRCODE          0003-0003              1           2
                         082A-0A03            1DA
                         1000-1FFF           1000
        STRING           0003-0003              1           2
                         082A-0A03            100
                         1000-1FFF            100

                                  Symbol Table

?__Umul8_16                cstackCOMMON 0074
?___fladd                  cstackBANK0  0020
?___fldiv                  cstackBANK0  0050
?___flmul                  cstackBANK0  002E
?___flsub                  cstackBANK0  0048
?___fltol                  cstackBANK0  0020
?___lwdiv                  cstackBANK0  0020
?___lwmod                  cstackBANK0  0027
?___wmul                   cstackBANK0  0020
?___xxtofl                 cstackBANK0  0020
?_sprintf                  cstackBANK0  002C
Lcd_Cmd@a                  cstackCOMMON 0075
Lcd_Port@a                 cstackCOMMON 0074
Lcd_Set_Cursor@a           cstackBANK0  0025
Lcd_Set_Cursor@b           cstackBANK0  0022
Lcd_Set_Cursor@temp        cstackBANK0  0028
Lcd_Set_Cursor@y           cstackBANK0  0027
Lcd_Set_Cursor@z           cstackBANK0  0026
Lcd_Write_Char@a           cstackBANK0  0020
Lcd_Write_Char@temp        cstackBANK0  0021
Lcd_Write_Char@y           cstackBANK0  0022
Lcd_Write_String@a         cstackBANK0  0023
Lcd_Write_String@i         cstackBANK0  0024
_ADCON0bits                (abs)        001F
_ADCON1bits                (abs)        009F
_ADIF                      (abs)        0066
_ADRESH                    (abs)        001E
_ADRESL                    (abs)        009E
_ANSEL                     (abs)        0188
_ANSELH                    (abs)        0189
_GIE                       (abs)        005F
_INTCONbits                (abs)        000B
_LDR                       bssCOMMON    0076
_Lcd_Clear                 text18       0A12
_Lcd_Cmd                   text19       0A1F
_Lcd_Init                  text17       0BD6
_Lcd_Port                  text20       0A04
_Lcd_Set_Cursor            text16       0C22
_Lcd_Write_Char            text15       0A3B
_Lcd_Write_String          text14       0AA4
_OSCCONbits                (abs)        008F
_PEIE                      (abs)        005E
_PORTA                     (abs)        0005
_PORTB                     (abs)        0006
_PORTC                     (abs)        0007
_PORTD                     (abs)        0008
_PORTE                     (abs)        0009
_RE0                       (abs)        0048
_RE1                       (abs)        0049
_SSPADD                    (abs)        0093
_SSPBUF                    (abs)        0013
_SSPCON                    (abs)        0014
_SSPCON2                   (abs)        0091
_SSPCON2bits               (abs)        0091
_SSPIE                     (abs)        0463
_SSPIF                     (abs)        0063
_SSPSTAT                   (abs)        0094
_TRISA                     (abs)        0085
_TRISB                     (abs)        0086
_TRISC                     (abs)        0087
_TRISC3                    (abs)        043B
_TRISC4                    (abs)        043C
_TRISCbits                 (abs)        0087
_TRISD                     (abs)        0088
_TRISE                     (abs)        0089
__Habs1                    abs1         0000
__Hbank0                   bank0        0000
__Hbank1                   bank1        0000
__Hbank2                   bank2        0000
__Hbank3                   bank3        0000
__HbssBANK0                bssBANK0     0000
__HbssBANK1                bssBANK1     0000
__HbssCOMMON               bssCOMMON    0000
__Hcinit                   cinit        0028
__Hclrtext                 clrtext      0000
__Hcode                    code         0000
__Hcommon                  common       0000
__Hconfig                  config       2009
__HcstackBANK0             cstackBANK0  0000
__HcstackBANK1             cstackBANK1  0000
__HcstackCOMMON            cstackCOMMON 0000
__Heeprom_data             eeprom_data  0000
__Hend_init                end_init     000F
__Hfunctab                 functab      0000
__Hinit                    init         000C
__Hintentry                intentry     000C
__Hmaintext                maintext     0000
__Hpowerup                 powerup      0000
__Hram                     ram          0000
__Hreset_vec               reset_vec    0003
__Hsfr0                    sfr0         0000
__Hsfr1                    sfr1         0000
__Hsfr2                    sfr2         0000
__Hsfr3                    sfr3         0000
__Hspace_0                 (abs)        1000
__Hspace_1                 (abs)        00B3
__Hspace_2                 (abs)        0000
__Hspace_3                 (abs)        0000
__Hspace_4                 (abs)        4010
__Hstack                   stack        0000
__Hstrings                 strings      0000
__Htext                    text         0000
__Labs1                    abs1         0000
__Lbank0                   bank0        0000
__Lbank1                   bank1        0000
__Lbank2                   bank2        0000
__Lbank3                   bank3        0000
__LbssBANK0                bssBANK0     0000
__LbssBANK1                bssBANK1     0000
__LbssCOMMON               bssCOMMON    0000
__Lcinit                   cinit        000F
__Lclrtext                 clrtext      0000
__Lcode                    code         0000
__Lcommon                  common       0000
__Lconfig                  config       0000
__LcstackBANK0             cstackBANK0  0000
__LcstackBANK1             cstackBANK1  0000
__LcstackCOMMON            cstackCOMMON 0000
__Leeprom_data             eeprom_data  0000
__Lend_init                end_init     000C
__Lfunctab                 functab      0000
__Linit                    init         000C
__Lintentry                intentry     0004
__Lmaintext                maintext     0000
__Lpowerup                 powerup      0000
__Lram                     ram          0000
__Lreset_vec               reset_vec    0000
__Lsfr0                    sfr0         0000
__Lsfr1                    sfr1         0000
__Lsfr2                    sfr2         0000
__Lsfr3                    sfr3         0000
__Lspace_0                 (abs)        0000
__Lspace_1                 (abs)        0000
__Lspace_2                 (abs)        0000
__Lspace_3                 (abs)        0000
__Lspace_4                 (abs)        0000
__Lstack                   stack        0000
__Lstrings                 strings      0000
__Ltext                    text         0000
__S0                       (abs)        1000
__S1                       (abs)        00B3
__S2                       (abs)        0000
__S3                       (abs)        0000
__Umul8_16                 text12       0ACD
__Umul8_16@multiplicand    cstackCOMMON 0074
__Umul8_16@multiplier      cstackBANK0  0026
__Umul8_16@product         cstackBANK0  0022
__Umul8_16@word_mpld       cstackBANK0  0024
___fladd                   text10       0389
___fladd@a                 cstackBANK0  0024
___fladd@aexp              cstackBANK0  0031
___fladd@b                 cstackBANK0  0020
___fladd@bexp              cstackBANK0  0032
___fladd@grs               cstackBANK0  0033
___fladd@signs             cstackBANK0  0030
___fldiv                   text13       0611
___fldiv@a                 cstackBANK0  0050
___fldiv@aexp              cstackBANK0  0069
___fldiv@b                 cstackBANK0  0054
___fldiv@bexp              cstackBANK0  0068
___fldiv@grs               cstackBANK0  0064
___fldiv@new_exp           cstackBANK0  0062
___fldiv@rem               cstackBANK0  005D
___fldiv@sign              cstackBANK0  0061
___flmul                   text11       0028
___flmul@a                 cstackBANK0  0032
___flmul@aexp              cstackBANK0  003C
___flmul@b                 cstackBANK0  002E
___flmul@bexp              cstackBANK0  0041
___flmul@grs               cstackBANK0  003D
___flmul@prod              cstackBANK0  0042
___flmul@sign              cstackBANK0  003B
___flmul@temp              cstackBANK0  0046
___flsub                   text9        0A59
___flsub@a                 cstackBANK0  0048
___flsub@b                 cstackBANK0  004C
___fltol                   text8        0C7A
___fltol@exp1              cstackCOMMON 0075
___fltol@f1                cstackBANK0  0020
___fltol@sign1             cstackCOMMON 0074
___int_sp                  stack        0000
___latbits                 (abs)        0002
___lwdiv                   text5        0B90
___lwdiv@counter           cstackBANK0  0024
___lwdiv@dividend          cstackBANK0  0022
___lwdiv@divisor           cstackBANK0  0020
___lwdiv@quotient          cstackBANK0  0025
___lwmod                   text4        0B54
___lwmod@counter           cstackBANK0  002B
___lwmod@dividend          cstackBANK0  0029
___lwmod@divisor           cstackBANK0  0027
___sp                      stack        0000
___stackhi                 (abs)        0000
___stacklo                 (abs)        0000
___wmul                    text3        0A7D
___wmul@multiplicand       cstackBANK0  0022
___wmul@multiplier         cstackBANK0  0020
___wmul@product            cstackCOMMON 0074
___xxtofl                  text7        0CF6
___xxtofl@arg              cstackBANK0  002A
___xxtofl@exp              cstackBANK0  0029
___xxtofl@sign             cstackBANK0  0028
___xxtofl@val              cstackBANK0  0020
__end_of_Lcd_Clear         text18       0A1F
__end_of_Lcd_Cmd           text19       0A3B
__end_of_Lcd_Init          text17       0C22
__end_of_Lcd_Port          text20       0A0A
__end_of_Lcd_Set_Cursor    text16       0C7A
__end_of_Lcd_Write_Char    text15       0A59
__end_of_Lcd_Write_String  text14       0ACD
__end_of__Umul8_16         text12       0AF6
__end_of___fladd           text10       0611
__end_of___fldiv           text13       07EE
__end_of___flmul           text11       0389
__end_of___flsub           text9        0A7D
__end_of___fltol           text8        0CF6
__end_of___lwdiv           text5        0BD6
__end_of___lwmod           text4        0B90
__end_of___wmul            text3        0AA4
__end_of___xxtofl          text7        0DB2
__end_of__initialization   cinit        0024
__end_of__stringtab        strings      0806
__end_of_dpowers           strings      0810
__end_of_initSETUP         text6        0B54
__end_of_isdigit           text2        0800
__end_of_isr               text21       0B24
__end_of_main              maintext     0EA5
__end_of_sprintf           text1        1000
__initialization           cinit        000F
__pbssBANK0                bssBANK0     006A
__pbssBANK1                bssBANK1     00A0
__pbssCOMMON               bssCOMMON    0076
__pcstackBANK0             cstackBANK0  0020
__pcstackBANK1             cstackBANK1  00B0
__pcstackCOMMON            cstackCOMMON 0070
__pintentry                intentry     0004
__pmaintext                maintext     0DB2
__pstrings                 strings      0800
__ptext1                   text1        0EA5
__ptext10                  text10       0389
__ptext11                  text11       0028
__ptext12                  text12       0ACD
__ptext13                  text13       0611
__ptext14                  text14       0AA4
__ptext15                  text15       0A3B
__ptext16                  text16       0C22
__ptext17                  text17       0BD6
__ptext18                  text18       0A12
__ptext19                  text19       0A1F
__ptext2                   text2        07EE
__ptext20                  text20       0A04
__ptext21                  text21       0AF6
__ptext3                   text3        0A7D
__ptext4                   text4        0B54
__ptext5                   text5        0B90
__ptext6                   text6        0B24
__ptext7                   text7        0CF6
__ptext8                   text8        0C7A
__ptext9                   text9        0A59
__size_of_Lcd_Clear        (abs)        0000
__size_of_Lcd_Cmd          (abs)        0000
__size_of_Lcd_Init         (abs)        0000
__size_of_Lcd_Port         (abs)        0000
__size_of_Lcd_Set_Cursor   (abs)        0000
__size_of_Lcd_Write_Char   (abs)        0000
__size_of_Lcd_Write_String (abs)        0000
__size_of__Umul8_16        (abs)        0000
__size_of___fladd          (abs)        0000
__size_of___fldiv          (abs)        0000
__size_of___flmul          (abs)        0000
__size_of___flsub          (abs)        0000
__size_of___fltol          (abs)        0000
__size_of___lwdiv          (abs)        0000
__size_of___lwmod          (abs)        0000
__size_of___wmul           (abs)        0000
__size_of___xxtofl         (abs)        0000
__size_of_initSETUP        (abs)        0000
__size_of_isdigit          (abs)        0000
__size_of_isr              (abs)        0000
__size_of_main             (abs)        0000
__size_of_sprintf          (abs)        0000
__stringbase               strings      0805
__stringtab                strings      0800
_an_sun                    bssBANK0     006A
_buffer                    bssBANK1     00A0
_dpowers                   strings      0806
_initSETUP                 text6        0B24
_isdigit                   text2        07EE
_isdigit$797               cstackCOMMON 0074
_isr                       text21       0AF6
_main                      maintext     0DB2
_sprintf                   text1        0EA5
_sun_pot                   bssBANK0     006E
btemp                      (abs)        007E
clear_ram0                 clrtext      0A0A
end_of_initialization      cinit        0024
interrupt_function         intentry     0004
intlevel0                  functab      0000
intlevel1                  functab      0000
intlevel2                  functab      0000
intlevel3                  functab      0000
intlevel4                  functab      0000
intlevel5                  functab      0000
isdigit@c                  cstackCOMMON 0075
reset_vec                  reset_vec    0000
saved_w                    (abs)        007E
sprintf@ap                 cstackBANK0  0035
sprintf@c                  cstackBANK0  003C
sprintf@f                  cstackBANK0  002C
sprintf@flag               cstackBANK0  0034
sprintf@prec               cstackBANK0  0038
sprintf@sp                 cstackBANK0  0039
sprintf@val                cstackBANK0  0036
sprintf@width              cstackBANK0  003A
start                      init         000C
start_initialization       cinit        000F
wtemp0                     (abs)        007E


MODULE INFORMATION

Module		Function		Class		Link	Load	Size
C:\Program Files\Microchip\xc8\v2.32\pic\sources\c90\common\isdigit.c
		_isdigit       		CODE           	07EE	0000	18

C:\Program Files\Microchip\xc8\v2.32\pic\sources\c90\common\isdigit.c estimated size: 18

C:\Program Files\Microchip\xc8\v2.32\pic\sources\c90\common\sprcadd.c
		___flsub       		CODE           	0A59	0000	36
		___fladd       		CODE           	0389	0000	648

C:\Program Files\Microchip\xc8\v2.32\pic\sources\c90\common\sprcadd.c estimated size: 684

C:\Program Files\Microchip\xc8\v2.32\pic\sources\c90\common\xxtofl.c
		___xxtofl      		CODE           	0CF6	0000	188

C:\Program Files\Microchip\xc8\v2.32\pic\sources\c90\common\xxtofl.c estimated size: 188

C:\Program Files\Microchip\xc8\v2.32\pic\sources\c90\common\Umul8_16.c
		__Umul8_16     		CODE           	0ACD	0000	41

C:\Program Files\Microchip\xc8\v2.32\pic\sources\c90\common\Umul8_16.c estimated size: 41

Slave_1_main.c
		_main          		CODE           	0DB2	0000	243
		_isr           		CODE           	0AF6	0000	46
		_initSETUP     		CODE           	0B24	0000	48

Slave_1_main.c estimated size: 337

C:\Program Files\Microchip\xc8\v2.32\pic\sources\c90\common\lwmod.c
		___lwmod       		CODE           	0B54	0000	60

C:\Program Files\Microchip\xc8\v2.32\pic\sources\c90\common\lwmod.c estimated size: 60

shared
		__stringtab    		STRING         	0800	0000	6
		_dpowers       		STRING         	0806	0000	10
		__initialization		CODE           	000F	0000	21

shared estimated size: 37

C:\Program Files\Microchip\xc8\v2.32\pic\sources\c90\common\sprcmul.c
		___flmul       		CODE           	0028	0000	865

C:\Program Files\Microchip\xc8\v2.32\pic\sources\c90\common\sprcmul.c estimated size: 865

C:\Program Files\Microchip\xc8\v2.32\pic\sources\c90\common\sprcdiv.c
		___fldiv       		CODE           	0611	0000	477

C:\Program Files\Microchip\xc8\v2.32\pic\sources\c90\common\sprcdiv.c estimated size: 477

C:\Program Files\Microchip\xc8\v2.32\pic\sources\c90\common\doprnt.c
		_sprintf       		CODE           	0EA5	0000	347

C:\Program Files\Microchip\xc8\v2.32\pic\sources\c90\common\doprnt.c estimated size: 347

C:\Program Files\Microchip\xc8\v2.32\pic\sources\c90\common\lwdiv.c
		___lwdiv       		CODE           	0B90	0000	70

C:\Program Files\Microchip\xc8\v2.32\pic\sources\c90\common\lwdiv.c estimated size: 70

C:\Program Files\Microchip\xc8\v2.32\pic\sources\c90\common\Umul16.c
		___wmul        		CODE           	0A7D	0000	39

C:\Program Files\Microchip\xc8\v2.32\pic\sources\c90\common\Umul16.c estimated size: 39

C:\Program Files\Microchip\xc8\v2.32\pic\sources\c90\common\fltol.c
		___fltol       		CODE           	0C7A	0000	124

C:\Program Files\Microchip\xc8\v2.32\pic\sources\c90\common\fltol.c estimated size: 124

LCD.c
		_Lcd_Write_String		CODE           	0AA4	0000	41
		_Lcd_Init      		CODE           	0BD6	0000	76
		_Lcd_Write_Char		CODE           	0A3B	0000	30
		_Lcd_Cmd       		CODE           	0A1F	0000	28
		_Lcd_Set_Cursor		CODE           	0C22	0000	88
		_Lcd_Clear     		CODE           	0A12	0000	13
		_Lcd_Port      		CODE           	0A04	0000	6

LCD.c estimated size: 282

