Microchip MPLAB XC8 Compiler V2.32

Linker command line:

-W-3 --edf=C:\Program Files\Microchip\xc8\v2.32\pic\dat\en_msgs.txt -cn \
  -h+dist/default/production\Slave_1.X.production.sym \
  --cmf=dist/default/production\Slave_1.X.production.cmf -z -Q16F887 \
  -oC:\Users\FERNAN~1\AppData\Local\Temp\xcAsbcg.4 --defsym=__MPLAB_BUILD=1 \
  -Mdist/default/production/Slave_1.X.production.map -E1 -ver=XC8 Compiler \
  --acfsm=1493 -ASTACK=0110h-016Fh -pstack=STACK -ACODE=00h-07FFhx4 \
  -ASTRCODE=00h-01FFFh -ASTRING=00h-0FFhx32 -ACONST=00h-0FFhx32 \
  -AENTRY=00h-0FFhx32 -ACOMMON=070h-07Fh -ABANK0=020h-06Fh \
  -ABANK1=0A0h-0EFh -ABANK2=0110h-016Fh -ABANK3=0190h-01EFh \
  -ARAM=020h-06Fh,0A0h-0EFh,0110h-016Fh,0190h-01EFh \
  -AABS1=020h-07Fh,0A0h-0EFh,0110h-016Fh,0190h-01EFh -ASFR0=00h-01Fh \
  -ASFR1=080h-09Fh -ASFR2=0100h-010Fh -ASFR3=0180h-018Fh \
  -ACONFIG=02007h-02008h -DCONFIG=2 -AIDLOC=02000h-02003h -DIDLOC=2 \
  -AEEDATA=00h-0FFh/02100h -peeprom_data=EEDATA -DEEDATA=2 -DCODE=2 \
  -DSTRCODE=2 -DSTRING=2 -DCONST=2 -DENTRY=2 \
  -preset_vec=00h,intentry=04h,init,end_init -ppowerup=CODE -pcinit=CODE \
  -pfunctab=ENTRY -k C:\Users\FERNAN~1\AppData\Local\Temp\xcAsbcg.o \
  dist/default/production\Slave_1.X.production.o 

Object code version is 3.11

Machine type is 16F887



                Name                               Link     Load   Length Selector   Space Scale
C:\Users\FERNAN~1\AppData\Local\Temp\xcAsbcg.o
                end_init                              C        C        3        8       0
                reset_vec                             0        0        3        0       0
                config                             2007     2007        2        0       4
dist/default/production\Slave_1.X.production.o
                cinit                                 F        F        B        8       0
                intentry                              4        4        8        8       0
                config                             2007     2007        2        0       4
                text12                              25E      25E       1C        8       0
                text11                              2B8      2B8        6      556       0
                text10                              27A      27A       1A        8       0
                text9                               2AB      2AB        D      556       0
                text8                               135      135       47        8       0
                text7                                8E       8E       58        8       0
                text6                               240      240       1E        8       0
                text5                               1F2      1F2       29        8       0
                text4                               1C2      1C2       30        8       0
                text3                               17C      17C       46        8       0
                text2                               21B      21B       25        8       0
                text1                                1A       1A       74        8       0
                maintext                             E6       E6       4F        8       0
                cstackBANK0                          20       20        9       20       1
                cstackCOMMON                         70       70        A       70       1
                bssBANK0                             29       29        5       20       1
                strings                             294      294       17      528       0

TOTAL           Name                               Link     Load   Length     Space
        CLASS   STACK          

        CLASS   CODE           
                end_init                              C        C        3         0
                cinit                                 F        F        B         0
                intentry                              4        4        8         0
                reset_vec                             0        0        3         0
                text12                              25E      25E       1C         0
                text11                              2B8      2B8        6         0
                text10                              27A      27A       1A         0
                text9                               2AB      2AB        D         0
                text8                               135      135       47         0
                text7                                8E       8E       58         0
                text6                               240      240       1E         0
                text5                               1F2      1F2       29         0
                text4                               1C2      1C2       30         0
                text3                               17C      17C       46         0
                text2                               21B      21B       25         0
                text1                                1A       1A       74         0
                maintext                             E6       E6       4F         0

        CLASS   STRCODE        

        CLASS   STRING         
                strings                             294      294       17         0

        CLASS   CONST          

        CLASS   ENTRY          

        CLASS   COMMON         
                cstackCOMMON                         70       70        A         1

        CLASS   BANK0          
                cstackBANK0                          20       20        9         1
                bssBANK0                             29       29        5         1

        CLASS   BANK1          

        CLASS   BANK2          

        CLASS   BANK3          

        CLASS   RAM            

        CLASS   ABS1           
                abs_s1                               7E       7E        2         1

        CLASS   SFR0           

        CLASS   SFR1           

        CLASS   SFR2           

        CLASS   SFR3           

        CLASS   CONFIG         
                config                             2007     2007        2         4

        CLASS   IDLOC          

        CLASS   EEDATA         



SEGMENTS        Name                           Load    Length   Top    Selector   Space  Class     Delta

                reset_vec                      000000  000003  000003         0       0  CODE        2
                intentry                       000004  000290  000294         8       0  CODE        2
                cstackBANK0                    000020  00000E  00002E        20       1  BANK0       1
                cstackCOMMON                   000070  00000A  00007A        70       1  COMMON      1
                strings                        000294  000017  0002AB       528       0  STRING      2
                text9                          0002AB  000013  0002BE       556       0  CODE        2


UNUSED ADDRESS RANGES

        Name                Unused          Largest block    Delta
        BANK0            002E-006F             42           1
        BANK1            00A0-00EF             50           1
        BANK2            0110-016F             60           1
        BANK3            0190-01EF             60           1
        CODE             0003-0003              1           2
                         02BE-1FFF            800
        COMMON           007A-007D              4           1
        CONST            0003-0003              1           2
                         02BE-1FFF            100
        EEDATA           2100-21FF            100           2
        ENTRY            0003-0003              1           2
                         02BE-1FFF            100
        IDLOC            2000-2003              4           2
        RAM              002E-006F             42           1
                         00A0-00EF             50
                         0110-016F             60
                         0190-01EF             60
        SFR0             0000-001F             20           1
        SFR1             0080-009F             20           1
        SFR2             0100-010F             10           1
        SFR3             0180-018F             10           1
        STACK            0110-016F             60           1
        STRCODE          0003-0003              1           2
                         02BE-1FFF           1D42
        STRING           0003-0003              1           2
                         02BE-1FFF            100

                                  Symbol Table

?___lwdiv                  cstackCOMMON 0074
?___wmul                   cstackCOMMON 0074
Lcd_Cmd@a                  cstackCOMMON 0077
Lcd_Port@a                 cstackCOMMON 0074
Lcd_Set_Cursor@a           cstackBANK0  0022
Lcd_Set_Cursor@b           cstackCOMMON 0078
Lcd_Set_Cursor@temp        cstackBANK0  0025
Lcd_Set_Cursor@y           cstackBANK0  0024
Lcd_Set_Cursor@z           cstackBANK0  0023
Lcd_Write_Char@a           cstackCOMMON 0076
Lcd_Write_Char@temp        cstackCOMMON 0077
Lcd_Write_Char@y           cstackCOMMON 0078
Lcd_Write_String@a         cstackBANK0  0022
Lcd_Write_String@i         cstackBANK0  0020
_ADCON0bits                (abs)        001F
_ADCON1bits                (abs)        009F
_ADIF                      (abs)        0066
_ADRESH                    (abs)        001E
_ANSEL                     (abs)        0188
_ANSELH                    (abs)        0189
_GIE                       (abs)        005F
_INTCONbits                (abs)        000B
_Lcd_Clear                 text9        02AB
_Lcd_Cmd                   text10       027A
_Lcd_Init                  text8        0135
_Lcd_Port                  text11       02B8
_Lcd_Set_Cursor            text7        008E
_Lcd_Write_Char            text6        0240
_Lcd_Write_String          text5        01F2
_OSCCONbits                (abs)        008F
_PEIE                      (abs)        005E
_PORTA                     (abs)        0005
_PORTB                     (abs)        0006
_PORTC                     (abs)        0007
_PORTD                     (abs)        0008
_PORTE                     (abs)        0009
_RE0                       (abs)        0048
_RE1                       (abs)        0049
_SSPADD                    (abs)        0093
_SSPBUF                    (abs)        0013
_SSPCON                    (abs)        0014
_SSPCON2                   (abs)        0091
_SSPCON2bits               (abs)        0091
_SSPIE                     (abs)        0463
_SSPIF                     (abs)        0063
_SSPSTAT                   (abs)        0094
_TRISA                     (abs)        0085
_TRISB                     (abs)        0086
_TRISC                     (abs)        0087
_TRISC3                    (abs)        043B
_TRISC4                    (abs)        043C
_TRISCbits                 (abs)        0087
_TRISD                     (abs)        0088
_TRISE                     (abs)        0089
_Unit                      bssBANK0     002D
__Habs1                    abs1         0000
__Hbank0                   bank0        0000
__Hbank1                   bank1        0000
__Hbank2                   bank2        0000
__Hbank3                   bank3        0000
__HbssBANK0                bssBANK0     0000
__Hcinit                   cinit        001A
__Hclrtext                 clrtext      0000
__Hcode                    code         0000
__Hcommon                  common       0000
__Hconfig                  config       2009
__HcstackBANK0             cstackBANK0  0000
__HcstackCOMMON            cstackCOMMON 0000
__Heeprom_data             eeprom_data  0000
__Hend_init                end_init     000F
__Hfunctab                 functab      0000
__Hinit                    init         000C
__Hintentry                intentry     000C
__Hmaintext                maintext     0000
__Hpowerup                 powerup      0000
__Hram                     ram          0000
__Hreset_vec               reset_vec    0003
__Hsfr0                    sfr0         0000
__Hsfr1                    sfr1         0000
__Hsfr2                    sfr2         0000
__Hsfr3                    sfr3         0000
__Hspace_0                 (abs)        02BE
__Hspace_1                 (abs)        007A
__Hspace_2                 (abs)        0000
__Hspace_3                 (abs)        0000
__Hspace_4                 (abs)        4010
__Hstack                   stack        0000
__Hstrings                 strings      0000
__Htext                    text         0000
__Labs1                    abs1         0000
__Lbank0                   bank0        0000
__Lbank1                   bank1        0000
__Lbank2                   bank2        0000
__Lbank3                   bank3        0000
__LbssBANK0                bssBANK0     0000
__Lcinit                   cinit        000F
__Lclrtext                 clrtext      0000
__Lcode                    code         0000
__Lcommon                  common       0000
__Lconfig                  config       0000
__LcstackBANK0             cstackBANK0  0000
__LcstackCOMMON            cstackCOMMON 0000
__Leeprom_data             eeprom_data  0000
__Lend_init                end_init     000C
__Lfunctab                 functab      0000
__Linit                    init         000C
__Lintentry                intentry     0004
__Lmaintext                maintext     0000
__Lpowerup                 powerup      0000
__Lram                     ram          0000
__Lreset_vec               reset_vec    0000
__Lsfr0                    sfr0         0000
__Lsfr1                    sfr1         0000
__Lsfr2                    sfr2         0000
__Lsfr3                    sfr3         0000
__Lspace_0                 (abs)        0000
__Lspace_1                 (abs)        0000
__Lspace_2                 (abs)        0000
__Lspace_3                 (abs)        0000
__Lspace_4                 (abs)        0000
__Lstack                   stack        0000
__Lstrings                 strings      0000
__Ltext                    text         0000
__S0                       (abs)        02BE
__S1                       (abs)        007A
__S2                       (abs)        0000
__S3                       (abs)        0000
___int_sp                  stack        0000
___latbits                 (abs)        0002
___lwdiv                   text3        017C
___lwdiv@counter           cstackBANK0  0022
___lwdiv@dividend          cstackCOMMON 0076
___lwdiv@divisor           cstackCOMMON 0074
___lwdiv@quotient          cstackBANK0  0020
___sp                      stack        0000
___stackhi                 (abs)        0000
___stacklo                 (abs)        0000
___wmul                    text2        021B
___wmul@multiplicand       cstackCOMMON 0076
___wmul@multiplier         cstackCOMMON 0074
___wmul@product            cstackCOMMON 0078
__end_of_Lcd_Clear         text9        02B8
__end_of_Lcd_Cmd           text10       0294
__end_of_Lcd_Init          text8        017C
__end_of_Lcd_Port          text11       02BE
__end_of_Lcd_Set_Cursor    text7        00E6
__end_of_Lcd_Write_Char    text6        025E
__end_of_Lcd_Write_String  text5        021B
__end_of___lwdiv           text3        01C2
__end_of___wmul            text2        0240
__end_of__initialization   cinit        0016
__end_of__stringtab        strings      029A
__end_of_initSETUP         text4        01F2
__end_of_isr               text12       027A
__end_of_main              maintext     0135
__end_of_str_2_dec         text1        008E
__initialization           cinit        000F
__pbssBANK0                bssBANK0     0029
__pcstackBANK0             cstackBANK0  0020
__pcstackCOMMON            cstackCOMMON 0070
__pintentry                intentry     0004
__pmaintext                maintext     00E6
__pstrings                 strings      0294
__ptext1                   text1        001A
__ptext10                  text10       027A
__ptext11                  text11       02B8
__ptext12                  text12       025E
__ptext2                   text2        021B
__ptext3                   text3        017C
__ptext4                   text4        01C2
__ptext5                   text5        01F2
__ptext6                   text6        0240
__ptext7                   text7        008E
__ptext8                   text8        0135
__ptext9                   text9        02AB
__size_of_Lcd_Clear        (abs)        0000
__size_of_Lcd_Cmd          (abs)        0000
__size_of_Lcd_Init         (abs)        0000
__size_of_Lcd_Port         (abs)        0000
__size_of_Lcd_Set_Cursor   (abs)        0000
__size_of_Lcd_Write_Char   (abs)        0000
__size_of_Lcd_Write_String (abs)        0000
__size_of___lwdiv          (abs)        0000
__size_of___wmul           (abs)        0000
__size_of_initSETUP        (abs)        0000
__size_of_isr              (abs)        0000
__size_of_main             (abs)        0000
__size_of_str_2_dec        (abs)        0000
__stringbase               strings      0299
__stringtab                strings      0294
_dec0                      bssBANK0     002C
_dec1                      bssBANK0     002B
_initSETUP                 text4        01C2
_isr                       text12       025E
_main                      maintext     00E6
_str_2_dec                 text1        001A
_sun_pot                   bssBANK0     0029
btemp                      (abs)        007E
end_of_initialization      cinit        0016
interrupt_function         intentry     0004
intlevel0                  functab      0000
intlevel1                  functab      0000
intlevel2                  functab      0000
intlevel3                  functab      0000
intlevel4                  functab      0000
intlevel5                  functab      0000
reset_vec                  reset_vec    0000
saved_w                    (abs)        007E
start                      init         000C
start_initialization       cinit        000F
str_2_dec@val_0            cstackBANK0  0027
str_2_dec@var              cstackBANK0  0023
wtemp0                     (abs)        007E


MODULE INFORMATION

Module		Function		Class		Link	Load	Size
Slave_1_main.c
		_main          		CODE           	00E6	0000	79
		_isr           		CODE           	025E	0000	28
		_initSETUP     		CODE           	01C2	0000	48
		_str_2_dec     		CODE           	001A	0000	116

Slave_1_main.c estimated size: 271

shared
		__stringtab    		STRING         	0294	0000	6
		__initialization		CODE           	000F	0000	7

shared estimated size: 13

C:\Program Files\Microchip\xc8\v2.32\pic\sources\c90\common\lwdiv.c
		___lwdiv       		CODE           	017C	0000	70

C:\Program Files\Microchip\xc8\v2.32\pic\sources\c90\common\lwdiv.c estimated size: 70

C:\Program Files\Microchip\xc8\v2.32\pic\sources\c90\common\Umul16.c
		___wmul        		CODE           	021B	0000	37

C:\Program Files\Microchip\xc8\v2.32\pic\sources\c90\common\Umul16.c estimated size: 37

LCD.c
		_Lcd_Write_String		CODE           	01F2	0000	41
		_Lcd_Init      		CODE           	0135	0000	71
		_Lcd_Write_Char		CODE           	0240	0000	30
		_Lcd_Cmd       		CODE           	027A	0000	26
		_Lcd_Set_Cursor		CODE           	008E	0000	88
		_Lcd_Clear     		CODE           	02AB	0000	13
		_Lcd_Port      		CODE           	02B8	0000	6

LCD.c estimated size: 275

