Microchip MPLAB XC8 Compiler V2.32

Linker command line:

-W-3 --edf=C:\Program Files\Microchip\xc8\v2.32\pic\dat\en_msgs.txt -cn \
  -h+dist/default/production\Slave_1.X.production.sym \
  --cmf=dist/default/production\Slave_1.X.production.cmf -z -Q16F887 \
  -oC:\Users\FERNAN~1\AppData\Local\Temp\xcAsgjg.4 --defsym=__MPLAB_BUILD=1 \
  -Mdist/default/production/Slave_1.X.production.map -E1 -ver=XC8 Compiler \
  --acfsm=1493 -ASTACK=0110h-016Fh -pstack=STACK -ACODE=00h-07FFhx4 \
  -ASTRCODE=00h-01FFFh -ASTRING=00h-0FFhx32 -ACONST=00h-0FFhx32 \
  -AENTRY=00h-0FFhx32 -ACOMMON=070h-07Fh -ABANK0=020h-06Fh \
  -ABANK1=0A0h-0EFh -ABANK2=0110h-016Fh -ABANK3=0190h-01EFh \
  -ARAM=020h-06Fh,0A0h-0EFh,0110h-016Fh,0190h-01EFh \
  -AABS1=020h-07Fh,0A0h-0EFh,0110h-016Fh,0190h-01EFh -ASFR0=00h-01Fh \
  -ASFR1=080h-09Fh -ASFR2=0100h-010Fh -ASFR3=0180h-018Fh \
  -ACONFIG=02007h-02008h -DCONFIG=2 -AIDLOC=02000h-02003h -DIDLOC=2 \
  -AEEDATA=00h-0FFh/02100h -peeprom_data=EEDATA -DEEDATA=2 -DCODE=2 \
  -DSTRCODE=2 -DSTRING=2 -DCONST=2 -DENTRY=2 \
  -preset_vec=00h,intentry=04h,init,end_init -ppowerup=CODE -pcinit=CODE \
  -pfunctab=ENTRY -k C:\Users\FERNAN~1\AppData\Local\Temp\xcAsgjg.o \
  dist/default/production\Slave_1.X.production.o 

Object code version is 3.11

Machine type is 16F887



                Name                               Link     Load   Length Selector   Space Scale
C:\Users\FERNAN~1\AppData\Local\Temp\xcAsgjg.o
                end_init                              C        C        3        8       0
                reset_vec                             0        0        3        0       0
                config                             2007     2007        2        0       4
dist/default/production\Slave_1.X.production.o
                cinit                                 F        F        F        8       0
                intentry                              4        4        8        8       0
                config                             2007     2007        2        0       4
                text9                               177      177       1C        8       0
                text8                               1D9      1D9        6      388       0
                text7                               193      193       1A        8       0
                text6                               1C4      1C4        D      388       0
                text5                                76       76       4C        8       0
                text4                                1E       1E       58        8       0
                text3                               159      159       1E        8       0
                text2                               130      130       29        8       0
                text1                               100      100       30        8       0
                maintext                             C2       C2       3E        8       0
                cstackBANK0                          38       38        A       20       1
                cstackCOMMON                         70       70        8       70       1
                clrtext                             1D1      1D1        8      388       0
                bssBANK0                             20       20       18       20       1
                bssCOMMON                            78       78        2       70       1
                strings                             1AD      1AD       17      35A       0

TOTAL           Name                               Link     Load   Length     Space
        CLASS   STACK          

        CLASS   CODE           
                end_init                              C        C        3         0
                cinit                                 F        F        F         0
                intentry                              4        4        8         0
                reset_vec                             0        0        3         0
                text9                               177      177       1C         0
                text8                               1D9      1D9        6         0
                text7                               193      193       1A         0
                text6                               1C4      1C4        D         0
                text5                                76       76       4C         0
                text4                                1E       1E       58         0
                text3                               159      159       1E         0
                text2                               130      130       29         0
                text1                               100      100       30         0
                maintext                             C2       C2       3E         0
                clrtext                             1D1      1D1        8         0

        CLASS   STRCODE        

        CLASS   STRING         
                strings                             1AD      1AD       17         0

        CLASS   CONST          

        CLASS   ENTRY          

        CLASS   COMMON         
                cstackCOMMON                         70       70        8         1
                bssCOMMON                            78       78        2         1

        CLASS   BANK0          
                cstackBANK0                          38       38        A         1
                bssBANK0                             20       20       18         1

        CLASS   BANK1          

        CLASS   BANK2          

        CLASS   BANK3          

        CLASS   RAM            

        CLASS   ABS1           
                abs_s1                               7E       7E        2         1

        CLASS   SFR0           

        CLASS   SFR1           

        CLASS   SFR2           

        CLASS   SFR3           

        CLASS   CONFIG         
                config                             2007     2007        2         4

        CLASS   IDLOC          

        CLASS   EEDATA         



SEGMENTS        Name                           Load    Length   Top    Selector   Space  Class     Delta

                reset_vec                      000000  000003  000003         0       0  CODE        2
                intentry                       000004  0001A9  0001AD         8       0  CODE        2
                bssBANK0                       000020  000022  000042        20       1  BANK0       1
                cstackCOMMON                   000070  00000A  00007A        70       1  COMMON      1
                strings                        0001AD  000017  0001C4       35A       0  STRING      2
                text6                          0001C4  00001B  0001DF       388       0  CODE        2


UNUSED ADDRESS RANGES

        Name                Unused          Largest block    Delta
        BANK0            0042-006F             2E           1
        BANK1            00A0-00EF             50           1
        BANK2            0110-016F             60           1
        BANK3            0190-01EF             60           1
        CODE             0003-0003              1           2
                         01DF-1FFF            800
        COMMON           007A-007D              4           1
        CONST            0003-0003              1           2
                         01DF-1FFF            100
        EEDATA           2100-21FF            100           2
        ENTRY            0003-0003              1           2
                         01DF-1FFF            100
        IDLOC            2000-2003              4           2
        RAM              0042-006F             2E           1
                         00A0-00EF             50
                         0110-016F             60
                         0190-01EF             60
        SFR0             0000-001F             20           1
        SFR1             0080-009F             20           1
        SFR2             0100-010F             10           1
        SFR3             0180-018F             10           1
        STACK            0110-016F             60           1
        STRCODE          0003-0003              1           2
                         01DF-1FFF           1E21
        STRING           0003-0003              1           2
                         01DF-1FFF            100

                                  Symbol Table

Lcd_Cmd@a                  cstackCOMMON 0077
Lcd_Port@a                 cstackCOMMON 0074
Lcd_Set_Cursor@a           cstackBANK0  003B
Lcd_Set_Cursor@b           cstackBANK0  0038
Lcd_Set_Cursor@temp        cstackBANK0  003E
Lcd_Set_Cursor@y           cstackBANK0  003D
Lcd_Set_Cursor@z           cstackBANK0  003C
Lcd_Write_Char@a           cstackBANK0  0038
Lcd_Write_Char@temp        cstackBANK0  0039
Lcd_Write_Char@y           cstackBANK0  003A
Lcd_Write_String@a         cstackBANK0  003B
Lcd_Write_String@i         cstackBANK0  003C
_ADCON0bits                (abs)        001F
_ADCON1bits                (abs)        009F
_ADIF                      (abs)        0066
_ADRESH                    (abs)        001E
_ANSEL                     (abs)        0188
_ANSELH                    (abs)        0189
_GIE                       (abs)        005F
_INTCONbits                (abs)        000B
_Lcd_Clear                 text6        01C4
_Lcd_Cmd                   text7        0193
_Lcd_Init                  text5        0076
_Lcd_Port                  text8        01D9
_Lcd_Set_Cursor            text4        001E
_Lcd_Write_Char            text3        0159
_Lcd_Write_String          text2        0130
_OSCCONbits                (abs)        008F
_PEIE                      (abs)        005E
_PORTA                     (abs)        0005
_PORTB                     (abs)        0006
_PORTC                     (abs)        0007
_PORTD                     (abs)        0008
_PORTE                     (abs)        0009
_RE0                       (abs)        0048
_RE1                       (abs)        0049
_SSPADD                    (abs)        0093
_SSPBUF                    (abs)        0013
_SSPCON                    (abs)        0014
_SSPCON2                   (abs)        0091
_SSPCON2bits               (abs)        0091
_SSPIE                     (abs)        0463
_SSPIF                     (abs)        0063
_SSPSTAT                   (abs)        0094
_TRISA                     (abs)        0085
_TRISB                     (abs)        0086
_TRISC                     (abs)        0087
_TRISC3                    (abs)        043B
_TRISC4                    (abs)        043C
_TRISCbits                 (abs)        0087
_TRISD                     (abs)        0088
_TRISE                     (abs)        0089
__Habs1                    abs1         0000
__Hbank0                   bank0        0000
__Hbank1                   bank1        0000
__Hbank2                   bank2        0000
__Hbank3                   bank3        0000
__HbssBANK0                bssBANK0     0000
__HbssCOMMON               bssCOMMON    0000
__Hcinit                   cinit        001E
__Hclrtext                 clrtext      0000
__Hcode                    code         0000
__Hcommon                  common       0000
__Hconfig                  config       2009
__HcstackBANK0             cstackBANK0  0000
__HcstackCOMMON            cstackCOMMON 0000
__Heeprom_data             eeprom_data  0000
__Hend_init                end_init     000F
__Hfunctab                 functab      0000
__Hinit                    init         000C
__Hintentry                intentry     000C
__Hmaintext                maintext     0000
__Hpowerup                 powerup      0000
__Hram                     ram          0000
__Hreset_vec               reset_vec    0003
__Hsfr0                    sfr0         0000
__Hsfr1                    sfr1         0000
__Hsfr2                    sfr2         0000
__Hsfr3                    sfr3         0000
__Hspace_0                 (abs)        01DF
__Hspace_1                 (abs)        007A
__Hspace_2                 (abs)        0000
__Hspace_3                 (abs)        0000
__Hspace_4                 (abs)        4010
__Hstack                   stack        0000
__Hstrings                 strings      0000
__Htext                    text         0000
__Labs1                    abs1         0000
__Lbank0                   bank0        0000
__Lbank1                   bank1        0000
__Lbank2                   bank2        0000
__Lbank3                   bank3        0000
__LbssBANK0                bssBANK0     0000
__LbssCOMMON               bssCOMMON    0000
__Lcinit                   cinit        000F
__Lclrtext                 clrtext      0000
__Lcode                    code         0000
__Lcommon                  common       0000
__Lconfig                  config       0000
__LcstackBANK0             cstackBANK0  0000
__LcstackCOMMON            cstackCOMMON 0000
__Leeprom_data             eeprom_data  0000
__Lend_init                end_init     000C
__Lfunctab                 functab      0000
__Linit                    init         000C
__Lintentry                intentry     0004
__Lmaintext                maintext     0000
__Lpowerup                 powerup      0000
__Lram                     ram          0000
__Lreset_vec               reset_vec    0000
__Lsfr0                    sfr0         0000
__Lsfr1                    sfr1         0000
__Lsfr2                    sfr2         0000
__Lsfr3                    sfr3         0000
__Lspace_0                 (abs)        0000
__Lspace_1                 (abs)        0000
__Lspace_2                 (abs)        0000
__Lspace_3                 (abs)        0000
__Lspace_4                 (abs)        0000
__Lstack                   stack        0000
__Lstrings                 strings      0000
__Ltext                    text         0000
__S0                       (abs)        01DF
__S1                       (abs)        007A
__S2                       (abs)        0000
__S3                       (abs)        0000
___int_sp                  stack        0000
___latbits                 (abs)        0002
___sp                      stack        0000
___stackhi                 (abs)        0000
___stacklo                 (abs)        0000
__end_of_Lcd_Clear         text6        01D1
__end_of_Lcd_Cmd           text7        01AD
__end_of_Lcd_Init          text5        00C2
__end_of_Lcd_Port          text8        01DF
__end_of_Lcd_Set_Cursor    text4        0076
__end_of_Lcd_Write_Char    text3        0177
__end_of_Lcd_Write_String  text2        0159
__end_of__initialization   cinit        001A
__end_of__stringtab        strings      01B3
__end_of_initSETUP         text1        0130
__end_of_isr               text9        0193
__end_of_main              maintext     0100
__initialization           cinit        000F
__pbssBANK0                bssBANK0     0020
__pbssCOMMON               bssCOMMON    0078
__pcstackBANK0             cstackBANK0  0038
__pcstackCOMMON            cstackCOMMON 0070
__pintentry                intentry     0004
__pmaintext                maintext     00C2
__pstrings                 strings      01AD
__ptext1                   text1        0100
__ptext2                   text2        0130
__ptext3                   text3        0159
__ptext4                   text4        001E
__ptext5                   text5        0076
__ptext6                   text6        01C4
__ptext7                   text7        0193
__ptext8                   text8        01D9
__ptext9                   text9        0177
__size_of_Lcd_Clear        (abs)        0000
__size_of_Lcd_Cmd          (abs)        0000
__size_of_Lcd_Init         (abs)        0000
__size_of_Lcd_Port         (abs)        0000
__size_of_Lcd_Set_Cursor   (abs)        0000
__size_of_Lcd_Write_Char   (abs)        0000
__size_of_Lcd_Write_String (abs)        0000
__size_of_initSETUP        (abs)        0000
__size_of_isr              (abs)        0000
__size_of_main             (abs)        0000
__stringbase               strings      01B2
__stringtab                strings      01AD
_initSETUP                 text1        0100
_isr                       text9        0177
_main                      maintext     00C2
_sun_pot                   bssCOMMON    0078
btemp                      (abs)        007E
clear_ram0                 clrtext      01D1
end_of_initialization      cinit        001A
interrupt_function         intentry     0004
intlevel0                  functab      0000
intlevel1                  functab      0000
intlevel2                  functab      0000
intlevel3                  functab      0000
intlevel4                  functab      0000
intlevel5                  functab      0000
reset_vec                  reset_vec    0000
saved_w                    (abs)        007E
start                      init         000C
start_initialization       cinit        000F
wtemp0                     (abs)        007E


MODULE INFORMATION

Module		Function		Class		Link	Load	Size
Slave_1_main.c
		_main          		CODE           	00C2	0000	62
		_isr           		CODE           	0177	0000	28
		_initSETUP     		CODE           	0100	0000	48

Slave_1_main.c estimated size: 138

shared
		__stringtab    		STRING         	01AD	0000	6
		__initialization		CODE           	000F	0000	11

shared estimated size: 17

LCD.c
		_Lcd_Write_String		CODE           	0130	0000	41
		_Lcd_Init      		CODE           	0076	0000	76
		_Lcd_Write_Char		CODE           	0159	0000	30
		_Lcd_Cmd       		CODE           	0193	0000	26
		_Lcd_Set_Cursor		CODE           	001E	0000	88
		_Lcd_Clear     		CODE           	01C4	0000	13
		_Lcd_Port      		CODE           	01D9	0000	6

LCD.c estimated size: 280

