Microchip MPLAB XC8 Compiler V2.32

Linker command line:

-W-3 --edf=C:\Program Files\Microchip\xc8\v2.32\pic\dat\en_msgs.txt -cn \
  -h+dist/default/production\Master_0.X.production.sym \
  --cmf=dist/default/production\Master_0.X.production.cmf -z -Q16F887 \
  -oC:\Users\FERNAN~1\AppData\Local\Temp\xcAssb4.4 --defsym=__MPLAB_BUILD=1 \
  -Mdist/default/production/Master_0.X.production.map -E1 -ver=XC8 Compiler \
  --acfsm=1493 -ASTACK=0110h-016Fh -pstack=STACK -ACODE=00h-07FFhx4 \
  -ASTRCODE=00h-01FFFh -ASTRING=00h-0FFhx32 -ACONST=00h-0FFhx32 \
  -AENTRY=00h-0FFhx32 -ACOMMON=070h-07Fh -ABANK0=020h-06Fh \
  -ABANK1=0A0h-0EFh -ABANK2=0110h-016Fh -ABANK3=0190h-01EFh \
  -ARAM=020h-06Fh,0A0h-0EFh,0110h-016Fh,0190h-01EFh \
  -AABS1=020h-07Fh,0A0h-0EFh,0110h-016Fh,0190h-01EFh -ASFR0=00h-01Fh \
  -ASFR1=080h-09Fh -ASFR2=0100h-010Fh -ASFR3=0180h-018Fh \
  -ACONFIG=02007h-02008h -DCONFIG=2 -AIDLOC=02000h-02003h -DIDLOC=2 \
  -AEEDATA=00h-0FFh/02100h -peeprom_data=EEDATA -DEEDATA=2 -DCODE=2 \
  -DSTRCODE=2 -DSTRING=2 -DCONST=2 -DENTRY=2 \
  -preset_vec=00h,intentry,init,end_init -ppowerup=CODE -pcinit=CODE \
  -pfunctab=ENTRY -k C:\Users\FERNAN~1\AppData\Local\Temp\xcAssb4.o \
  dist/default/production\Master_0.X.production.o 

Object code version is 3.11

Machine type is 16F887



                Name                               Link     Load   Length Selector   Space Scale
C:\Users\FERNAN~1\AppData\Local\Temp\xcAssb4.o
                end_init                              0        0        3        0       0
                config                             2007     2007        2        0       4
dist/default/production\Master_0.X.production.o
                cinit                               7ED      7ED       13      FDA       0
                config                             2007     2007        2        0       4
                text20                              235      235        D      46A       0
                text19                              2FB      2FB       2E      5F6       0
                text18                              219      219        9      432       0
                text17                              222      222        9      444       0
                text16                              22B      22B        A      456       0
                text15                              213      213        6      426       0
                text14                              24F      24F       1A      49E       0
                text13                              242      242        D      484       0
                text12                              3A5      3A5       47      74A       0
                text11                              3EC      3EC       52      7D8       0
                text10                              269      269       1E      4D2       0
                text9                               287      287       25      50E       0
                text8                               4FF      4FF       67      9FE       0
                text7                               43E      43E       5B      87C       0
                text6                               499      499       66      932       0
                text5                               329      329       38      652       0
                text4                               2D1      2D1       2A      5A2       0
                text3                               361      361       44      6C2       0
                text2                               2AC      2AC       25      558       0
                text1                               566      566       70      ACC       0
                maintext                            5D6      5D6      217      BAC       0
                cstackBANK0                          2D       2D        B       20       1
                cstackCOMMON                         70       70        E       70       1
                bssBANK0                             20       20        D       20       1
                strings                               3        3       38        6       0

TOTAL           Name                               Link     Load   Length     Space
        CLASS   STACK          

        CLASS   CODE           
                end_init                              0        0        3         0
                cinit                               7ED      7ED       13         0
                text20                              235      235        D         0
                text19                              2FB      2FB       2E         0
                text18                              219      219        9         0
                text17                              222      222        9         0
                text16                              22B      22B        A         0
                text15                              213      213        6         0
                text14                              24F      24F       1A         0
                text13                              242      242        D         0
                text12                              3A5      3A5       47         0
                text11                              3EC      3EC       52         0
                text10                              269      269       1E         0
                text9                               287      287       25         0
                text8                               4FF      4FF       67         0
                text7                               43E      43E       5B         0
                text6                               499      499       66         0
                text5                               329      329       38         0
                text4                               2D1      2D1       2A         0
                text3                               361      361       44         0
                text2                               2AC      2AC       25         0
                text1                               566      566       70         0
                maintext                            5D6      5D6      217         0

        CLASS   STRCODE        

        CLASS   STRING         
                strings                               3        3       38         0

        CLASS   CONST          

        CLASS   ENTRY          

        CLASS   COMMON         
                cstackCOMMON                         70       70        E         1

        CLASS   BANK0          
                cstackBANK0                          2D       2D        B         1
                bssBANK0                             20       20        D         1

        CLASS   BANK1          

        CLASS   BANK2          

        CLASS   BANK3          

        CLASS   RAM            

        CLASS   ABS1           
                abs_s1                               7E       7E        2         1

        CLASS   SFR0           

        CLASS   SFR1           

        CLASS   SFR2           

        CLASS   SFR3           

        CLASS   CONFIG         
                config                             2007     2007        2         4

        CLASS   IDLOC          

        CLASS   EEDATA         



SEGMENTS        Name                           Load    Length   Top    Selector   Space  Class     Delta

                reset_vec                      000000  000003  000003         0       0  CODE        2
                strings                        000003  000038  00003B         6       0  STRING      2
                bssBANK0                       000020  000018  000038        20       1  BANK0       1
                cstackCOMMON                   000070  00000E  00007E        70       1  COMMON      1
                text15                         000213  000006  000219       426       0  CODE        2
                text18                         000219  000009  000222       432       0  CODE        2
                text17                         000222  000009  00022B       444       0  CODE        2
                text16                         00022B  00000A  000235       456       0  CODE        2
                text20                         000235  00000D  000242       46A       0  CODE        2
                text13                         000242  00000D  00024F       484       0  CODE        2
                text14                         00024F  00001A  000269       49E       0  CODE        2
                text10                         000269  00001E  000287       4D2       0  CODE        2
                text9                          000287  000025  0002AC       50E       0  CODE        2
                text2                          0002AC  000025  0002D1       558       0  CODE        2
                text4                          0002D1  00002A  0002FB       5A2       0  CODE        2
                text19                         0002FB  00002E  000329       5F6       0  CODE        2
                text5                          000329  000038  000361       652       0  CODE        2
                text3                          000361  000044  0003A5       6C2       0  CODE        2
                text12                         0003A5  000047  0003EC       74A       0  CODE        2
                text11                         0003EC  000052  00043E       7D8       0  CODE        2
                text7                          00043E  00005B  000499       87C       0  CODE        2
                text6                          000499  000066  0004FF       932       0  CODE        2
                text8                          0004FF  000067  000566       9FE       0  CODE        2
                text1                          000566  000070  0005D6       ACC       0  CODE        2
                maintext                       0005D6  000217  0007ED       BAC       0  CODE        2
                cinit                          0007ED  000013  000800       FDA       0  CODE        2


UNUSED ADDRESS RANGES

        Name                Unused          Largest block    Delta
        BANK0            0038-006F             38           1
        BANK1            00A0-00EF             50           1
        BANK2            0110-016F             60           1
        BANK3            0190-01EF             60           1
        CODE             003B-0212            1D8           2
                         0800-1FFF            800
        CONST            003B-0212            100           2
                         0800-1FFF            100
        EEDATA           2100-21FF            100           2
        ENTRY            003B-0212            100           2
                         0800-1FFF            100
        IDLOC            2000-2003              4           2
        RAM              0038-006F             38           1
                         00A0-00EF             50
                         0110-016F             60
                         0190-01EF             60
        SFR0             0000-001F             20           1
        SFR1             0080-009F             20           1
        SFR2             0100-010F             10           1
        SFR3             0180-018F             10           1
        STACK            0110-016F             60           1
        STRCODE          003B-0212            1D8           2
                         0800-1FFF           1800
        STRING           003B-0212            100           2
                         0800-1FFF            100

                                  Symbol Table

?_I2C_Master_Read          cstackCOMMON 0070
?___awdiv                  cstackCOMMON 0070
?___awmod                  cstackCOMMON 0079
?___lldiv                  cstackCOMMON 0070
?___lwdiv                  cstackCOMMON 0070
?___wmul                   cstackCOMMON 0070
I2C_Master_Init@c          cstackBANK0  002D
I2C_Master_Read@a          cstackCOMMON 0070
I2C_Master_Read@temp       cstackCOMMON 0074
I2C_Master_Write@d         cstackCOMMON 0070
Lcd_Cmd@a                  cstackCOMMON 0073
Lcd_Port@a                 cstackCOMMON 0070
Lcd_Set_Cursor@a           cstackCOMMON 0077
Lcd_Set_Cursor@b           cstackCOMMON 0074
Lcd_Set_Cursor@temp        cstackCOMMON 007A
Lcd_Set_Cursor@y           cstackCOMMON 0079
Lcd_Set_Cursor@z           cstackCOMMON 0078
Lcd_Write_Char@a           cstackCOMMON 0072
Lcd_Write_Char@temp        cstackCOMMON 0073
Lcd_Write_Char@y           cstackCOMMON 0074
Lcd_Write_String@a         cstackCOMMON 0077
Lcd_Write_String@i         cstackCOMMON 0075
_ANSEL                     (abs)        0188
_ANSELH                    (abs)        0189
_GIE                       (abs)        005F
_Humidity                  bssBANK0     0025
_I2C_Master_Init           text5        0329
_I2C_Master_Read           text19       02FB
_I2C_Master_Start          text18       0219
_I2C_Master_Stop           text17       0222
_I2C_Master_Wait           text20       0235
_I2C_Master_Write          text16       022B
_INTCONbits                (abs)        000B
_LDR                       bssBANK0     0020
_Lcd_Clear                 text13       0242
_Lcd_Cmd                   text14       024F
_Lcd_Init                  text12       03A5
_Lcd_Port                  text15       0213
_Lcd_Set_Cursor            text11       03EC
_Lcd_Write_Char            text10       0269
_Lcd_Write_String          text9        0287
_OSCCONbits                (abs)        008F
_PEIE                      (abs)        005E
_PORTA                     (abs)        0005
_PORTAbits                 (abs)        0005
_PORTB                     (abs)        0006
_PORTC                     (abs)        0007
_PORTD                     (abs)        0008
_PORTE                     (abs)        0009
_RE0                       (abs)        0048
_RE1                       (abs)        0049
_RH                        bssBANK0     0024
_SSPADD                    (abs)        0093
_SSPBUF                    (abs)        0013
_SSPCON                    (abs)        0014
_SSPCON2                   (abs)        0091
_SSPCON2bits               (abs)        0091
_SSPIE                     (abs)        0463
_SSPIF                     (abs)        0063
_SSPSTAT                   (abs)        0094
_TRISA                     (abs)        0085
_TRISB                     (abs)        0086
_TRISC                     (abs)        0087
_TRISC3                    (abs)        043B
_TRISC4                    (abs)        043C
_TRISCbits                 (abs)        0087
_TRISD                     (abs)        0088
_TRISE                     (abs)        0089
__Habs1                    abs1         0000
__Hbank0                   bank0        0000
__Hbank1                   bank1        0000
__Hbank2                   bank2        0000
__Hbank3                   bank3        0000
__HbssBANK0                bssBANK0     0000
__Hcinit                   cinit        0800
__Hclrtext                 clrtext      0000
__Hcode                    code         0000
__Hcommon                  common       0000
__Hconfig                  config       2009
__HcstackBANK0             cstackBANK0  0000
__HcstackCOMMON            cstackCOMMON 0000
__Heeprom_data             eeprom_data  0000
__Hend_init                end_init     0003
__Hfunctab                 functab      0000
__Hinit                    init         0000
__Hintentry                intentry     0000
__Hmaintext                maintext     0000
__Hpowerup                 powerup      0000
__Hram                     ram          0000
__Hreset_vec               reset_vec    0000
__Hsfr0                    sfr0         0000
__Hsfr1                    sfr1         0000
__Hsfr2                    sfr2         0000
__Hsfr3                    sfr3         0000
__Hspace_0                 (abs)        0800
__Hspace_1                 (abs)        007E
__Hspace_2                 (abs)        0000
__Hspace_3                 (abs)        0000
__Hspace_4                 (abs)        4010
__Hstack                   stack        0000
__Hstrings                 strings      0000
__Htext                    text         0000
__Labs1                    abs1         0000
__Lbank0                   bank0        0000
__Lbank1                   bank1        0000
__Lbank2                   bank2        0000
__Lbank3                   bank3        0000
__LbssBANK0                bssBANK0     0000
__Lcinit                   cinit        07ED
__Lclrtext                 clrtext      0000
__Lcode                    code         0000
__Lcommon                  common       0000
__Lconfig                  config       0000
__LcstackBANK0             cstackBANK0  0000
__LcstackCOMMON            cstackCOMMON 0000
__Leeprom_data             eeprom_data  0000
__Lend_init                end_init     0000
__Lfunctab                 functab      0000
__Linit                    init         0000
__Lintentry                intentry     0000
__Lmaintext                maintext     0000
__Lpowerup                 powerup      0000
__Lram                     ram          0000
__Lreset_vec               reset_vec    0000
__Lsfr0                    sfr0         0000
__Lsfr1                    sfr1         0000
__Lsfr2                    sfr2         0000
__Lsfr3                    sfr3         0000
__Lspace_0                 (abs)        0000
__Lspace_1                 (abs)        0000
__Lspace_2                 (abs)        0000
__Lspace_3                 (abs)        0000
__Lspace_4                 (abs)        0000
__Lstack                   stack        0000
__Lstrings                 strings      0000
__Ltext                    text         0000
__S0                       (abs)        0800
__S1                       (abs)        007E
__S2                       (abs)        0000
__S3                       (abs)        0000
___awdiv                   text8        04FF
___awdiv@counter           cstackCOMMON 0075
___awdiv@dividend          cstackCOMMON 0072
___awdiv@divisor           cstackCOMMON 0070
___awdiv@quotient          cstackCOMMON 0077
___awdiv@sign              cstackCOMMON 0076
___awmod                   text7        043E
___awmod@counter           cstackBANK0  002D
___awmod@dividend          cstackCOMMON 007B
___awmod@divisor           cstackCOMMON 0079
___awmod@sign              cstackBANK0  002E
___int_sp                  stack        0000
___latbits                 (abs)        0002
___lldiv                   text6        0499
___lldiv@counter           cstackCOMMON 007D
___lldiv@dividend          cstackCOMMON 0074
___lldiv@divisor           cstackCOMMON 0070
___lldiv@quotient          cstackCOMMON 0079
___lwdiv                   text3        0361
___lwdiv@counter           cstackCOMMON 0077
___lwdiv@dividend          cstackCOMMON 0072
___lwdiv@divisor           cstackCOMMON 0070
___lwdiv@quotient          cstackCOMMON 0075
___sp                      stack        0000
___stackhi                 (abs)        0000
___stacklo                 (abs)        0000
___wmul                    text2        02AC
___wmul@multiplicand       cstackCOMMON 0072
___wmul@multiplier         cstackCOMMON 0070
___wmul@product            cstackCOMMON 0074
__end_of_I2C_Master_Init   text5        0361
__end_of_I2C_Master_Read   text19       0329
__end_of_I2C_Master_Start  text18       0222
__end_of_I2C_Master_Stop   text17       022B
__end_of_I2C_Master_Wait   text20       0242
__end_of_I2C_Master_Write  text16       0235
__end_of_Lcd_Clear         text13       024F
__end_of_Lcd_Cmd           text14       0269
__end_of_Lcd_Init          text12       03EC
__end_of_Lcd_Port          text15       0219
__end_of_Lcd_Set_Cursor    text11       043E
__end_of_Lcd_Write_Char    text10       0287
__end_of_Lcd_Write_String  text9        02AC
__end_of___awdiv           text8        0566
__end_of___awmod           text7        0499
__end_of___lldiv           text6        04FF
__end_of___lwdiv           text3        03A5
__end_of___wmul            text2        02D1
__end_of__initialization   cinit        07FC
__end_of__stringtab        strings      0009
__end_of_initSETUP         text4        02FB
__end_of_main              maintext     07ED
__end_of_str_2_dc          text1        05D6
__initialization           cinit        07ED
__pbssBANK0                bssBANK0     0020
__pcstackBANK0             cstackBANK0  002D
__pcstackCOMMON            cstackCOMMON 0070
__pmaintext                maintext     05D6
__pstrings                 strings      0003
__ptext1                   text1        0566
__ptext10                  text10       0269
__ptext11                  text11       03EC
__ptext12                  text12       03A5
__ptext13                  text13       0242
__ptext14                  text14       024F
__ptext15                  text15       0213
__ptext16                  text16       022B
__ptext17                  text17       0222
__ptext18                  text18       0219
__ptext19                  text19       02FB
__ptext2                   text2        02AC
__ptext20                  text20       0235
__ptext3                   text3        0361
__ptext4                   text4        02D1
__ptext5                   text5        0329
__ptext6                   text6        0499
__ptext7                   text7        043E
__ptext8                   text8        04FF
__ptext9                   text9        0287
__size_of_I2C_Master_Init  (abs)        0000
__size_of_I2C_Master_Read  (abs)        0000
__size_of_I2C_Master_Start (abs)        0000
__size_of_I2C_Master_Stop  (abs)        0000
__size_of_I2C_Master_Wait  (abs)        0000
__size_of_I2C_Master_Write (abs)        0000
__size_of_Lcd_Clear        (abs)        0000
__size_of_Lcd_Cmd          (abs)        0000
__size_of_Lcd_Init         (abs)        0000
__size_of_Lcd_Port         (abs)        0000
__size_of_Lcd_Set_Cursor   (abs)        0000
__size_of_Lcd_Write_Char   (abs)        0000
__size_of_Lcd_Write_String (abs)        0000
__size_of___awdiv          (abs)        0000
__size_of___awmod          (abs)        0000
__size_of___lldiv          (abs)        0000
__size_of___lwdiv          (abs)        0000
__size_of___wmul           (abs)        0000
__size_of_initSETUP        (abs)        0000
__size_of_main             (abs)        0000
__size_of_str_2_dc         (abs)        0000
__stringbase               strings      0008
__stringtab                strings      0003
_cont                      bssBANK0     0022
_dec0                      bssBANK0     002B
_dec0_12                   bssBANK0     0027
_dec1                      bssBANK0     0029
_dec1_12                   bssBANK0     0026
_initSETUP                 text4        02D1
_main                      maintext     05D6
_str_2_dc                  text1        0566
_test                      bssBANK0     0023
_unit0                     bssBANK0     002C
_unit0_0                   bssBANK0     0028
_unit1                     bssBANK0     002A
btemp                      (abs)        007E
end_of_initialization      cinit        07FC
intlevel0                  functab      0000
intlevel1                  functab      0000
intlevel2                  functab      0000
intlevel3                  functab      0000
intlevel4                  functab      0000
intlevel5                  functab      0000
reset_vec                  reset_vec    0000
start                      init         0000
start_initialization       cinit        07ED
str_2_dc@var               cstackCOMMON 0078
str_2_dc@vcv               cstackCOMMON 007C
wtemp0                     (abs)        007E


MODULE INFORMATION

Module		Function		Class		Link	Load	Size
I2C.c
		_I2C_Master_Read		CODE           	02FB	0000	46
		_I2C_Master_Wait		CODE           	0235	0000	13
		_I2C_Master_Init		CODE           	0329	0000	56
		_I2C_Master_Stop		CODE           	0222	0000	9
		_I2C_Master_Write		CODE           	022B	0000	10
		_I2C_Master_Start		CODE           	0219	0000	9

I2C.c estimated size: 143

C:\Program Files\Microchip\xc8\v2.32\pic\sources\c90\common\awmod.c
		___awmod       		CODE           	043E	0000	91

C:\Program Files\Microchip\xc8\v2.32\pic\sources\c90\common\awmod.c estimated size: 91

shared
		__stringtab    		STRING         	0003	0000	6
		__initialization		CODE           	07ED	0000	15

shared estimated size: 21

master.c
		_main          		CODE           	05D6	0000	535
		_initSETUP     		CODE           	02D1	0000	42
		_str_2_dc      		CODE           	0566	0000	112

master.c estimated size: 689

C:\Program Files\Microchip\xc8\v2.32\pic\sources\c90\common\lwdiv.c
		___lwdiv       		CODE           	0361	0000	68

C:\Program Files\Microchip\xc8\v2.32\pic\sources\c90\common\lwdiv.c estimated size: 68

C:\Program Files\Microchip\xc8\v2.32\pic\sources\c90\common\awdiv.c
		___awdiv       		CODE           	04FF	0000	103

C:\Program Files\Microchip\xc8\v2.32\pic\sources\c90\common\awdiv.c estimated size: 103

C:\Program Files\Microchip\xc8\v2.32\pic\sources\c90\common\Umul16.c
		___wmul        		CODE           	02AC	0000	37

C:\Program Files\Microchip\xc8\v2.32\pic\sources\c90\common\Umul16.c estimated size: 37

C:\Program Files\Microchip\xc8\v2.32\pic\sources\c90\common\__lldiv.c
		___lldiv       		CODE           	0499	0000	102

C:\Program Files\Microchip\xc8\v2.32\pic\sources\c90\common\__lldiv.c estimated size: 102

LCD.c
		_Lcd_Write_String		CODE           	0287	0000	37
		_Lcd_Init      		CODE           	03A5	0000	71
		_Lcd_Write_Char		CODE           	0269	0000	30
		_Lcd_Cmd       		CODE           	024F	0000	26
		_Lcd_Set_Cursor		CODE           	03EC	0000	82
		_Lcd_Clear     		CODE           	0242	0000	13
		_Lcd_Port      		CODE           	0213	0000	6

LCD.c estimated size: 265

